size: 23
 1' | 1'
Access: 1
==================================
connections: 2
Edge 0: 21	#	Distance: 15.8114
Edge 1: 6	#	Distance: 23.0868
----------------------------------

 1'' | 1''
Access: 1
==================================
connections: 2
Edge 0: 11	#	Distance: 20.8087
Edge 1: 22	#	Distance: 26.1725
----------------------------------

 10 | 10
Access: 1
==================================
connections: 2
Edge 0: 8	#	Distance: 10.0499
Edge 1: 9	#	Distance: 16.7631
----------------------------------

 11 | 11
Access: 1
==================================
connections: 2
Edge 0: 20	#	Distance: 24.1868
Edge 1: 1''	#	Distance: 20.8087
----------------------------------

 12 | 12
Access: 1
==================================
connections: 2
Edge 0: 5	#	Distance: 7.2111
Edge 1: 17	#	Distance: 24.5967
----------------------------------

 13 | 13
Access: 1
==================================
connections: 2
Edge 0: 19	#	Distance: 19.4165
Edge 1: 16	#	Distance: 6.32456
----------------------------------

 14 | 14
Access: 1
==================================
connections: 2
Edge 0: 2	#	Distance: 21.3776
Edge 1: 19	#	Distance: 15.5242
----------------------------------

 15 | 15
Access: 1
==================================
connections: 2
Edge 0: 17	#	Distance: 27.5862
Edge 1: 7	#	Distance: 21.2603
----------------------------------

 16 | 16
Access: 1
==================================
connections: 2
Edge 0: 13	#	Distance: 6.32456
Edge 1: 4	#	Distance: 15.8114
----------------------------------

 17 | 17
Access: 1
==================================
connections: 2
Edge 0: 12	#	Distance: 24.5967
Edge 1: 15	#	Distance: 27.5862
----------------------------------

 18 | 18
Access: 1
==================================
connections: 2
Edge 0: 4	#	Distance: 32.28
Edge 1: 20	#	Distance: 36.0555
----------------------------------

 19 | 19
Access: 1
==================================
connections: 2
Edge 0: 14	#	Distance: 15.5242
Edge 1: 13	#	Distance: 19.4165
----------------------------------

 2 | 2
Access: 1
==================================
connections: 2
Edge 0: 3	#	Distance: 12.3693
Edge 1: 14	#	Distance: 21.3776
----------------------------------

 20 | 20
Access: 1
==================================
connections: 2
Edge 0: 18	#	Distance: 36.0555
Edge 1: 11	#	Distance: 24.1868
----------------------------------

 21 | 21
Access: 1
==================================
connections: 2
Edge 0: 1'	#	Distance: 15.8114
Edge 1: 3	#	Distance: 14.5602
----------------------------------

 22 | 22
Access: 1
==================================
connections: 2
Edge 0: 1''	#	Distance: 26.1725
Edge 1: 8	#	Distance: 5.65685
----------------------------------

 3 | 3
Access: 1
==================================
connections: 2
Edge 0: 21	#	Distance: 14.5602
Edge 1: 2	#	Distance: 12.3693
----------------------------------

 4 | 4
Access: 1
==================================
connections: 2
Edge 0: 16	#	Distance: 15.8114
Edge 1: 18	#	Distance: 32.28
----------------------------------

 5 | 5
Access: 1
==================================
connections: 2
Edge 0: 9	#	Distance: 26.3059
Edge 1: 12	#	Distance: 7.2111
----------------------------------

 6 | 6
Access: 1
==================================
connections: 2
Edge 0: 7	#	Distance: 12.8062
Edge 1: 1'	#	Distance: 23.0868
----------------------------------

 7 | 7
Access: 1
==================================
connections: 2
Edge 0: 15	#	Distance: 21.2603
Edge 1: 6	#	Distance: 12.8062
----------------------------------

 8 | 8
Access: 1
==================================
connections: 2
Edge 0: 22	#	Distance: 5.65685
Edge 1: 10	#	Distance: 10.0499
----------------------------------

 9 | 9
Access: 1
==================================
connections: 2
Edge 0: 10	#	Distance: 16.7631
Edge 1: 5	#	Distance: 26.3059
----------------------------------

______________________________________________________________THE DIVISION______________________________________________________________
1'
21
3
2
14
19
13
16
4
18
20
11
1''
22
8
10
9
5
12
17
15
7
6
size 23
map size 23
