size: 26
 1' | 1'
Access: 1
==================================
connections: 2
Edge 0: 3	#	Distance: 21.0238
Edge 1: 20	#	Distance: 43.9318
----------------------------------

 1'' | 1''
Access: 1
==================================
connections: 2
Edge 0: 21	#	Distance: 15.8114
Edge 1: 18	#	Distance: 31.7805
----------------------------------

 1''' | 1'''
Access: 1
==================================
connections: 2
Edge 0: 12	#	Distance: 28.1603
Edge 1: 5	#	Distance: 22.0227
----------------------------------

 1'''' | 1''''
Access: 1
==================================
connections: 2
Edge 0: 10	#	Distance: 32.0624
Edge 1: 8	#	Distance: 22.0227
----------------------------------

 1''''' | 1'''''
Access: 1
==================================
connections: 2
Edge 0: 2	#	Distance: 13.8924
Edge 1: 4	#	Distance: 32.5576
----------------------------------

 10 | 10
Access: 1
==================================
connections: 2
Edge 0: 11	#	Distance: 25
Edge 1: 1''''	#	Distance: 32.0624
----------------------------------

 11 | 11
Access: 1
==================================
connections: 2
Edge 0: 16	#	Distance: 13
Edge 1: 10	#	Distance: 25
----------------------------------

 12 | 12
Access: 1
==================================
connections: 2
Edge 0: 13	#	Distance: 16.0312
Edge 1: 1'''	#	Distance: 28.1603
----------------------------------

 13 | 13
Access: 1
==================================
connections: 2
Edge 0: 17	#	Distance: 21.587
Edge 1: 12	#	Distance: 16.0312
----------------------------------

 14 | 14
Access: 1
==================================
connections: 2
Edge 0: 22	#	Distance: 11.1803
Edge 1: 21	#	Distance: 18.3848
----------------------------------

 15 | 15
Access: 1
==================================
connections: 2
Edge 0: 3	#	Distance: 23.7697
Edge 1: 6	#	Distance: 8.48528
----------------------------------

 16 | 16
Access: 1
==================================
connections: 2
Edge 0: 5	#	Distance: 9.21954
Edge 1: 11	#	Distance: 13
----------------------------------

 17 | 17
Access: 1
==================================
connections: 2
Edge 0: 18	#	Distance: 26.4197
Edge 1: 13	#	Distance: 21.587
----------------------------------

 18 | 18
Access: 1
==================================
connections: 2
Edge 0: 1''	#	Distance: 31.7805
Edge 1: 17	#	Distance: 26.4197
----------------------------------

 19 | 19
Access: 1
==================================
connections: 2
Edge 0: 8	#	Distance: 24.1661
Edge 1: 9	#	Distance: 7.07107
----------------------------------

 2 | 2
Access: 1
==================================
connections: 2
Edge 0: 7	#	Distance: 12.083
Edge 1: 1'''''	#	Distance: 13.8924
----------------------------------

 20 | 20
Access: 1
==================================
connections: 2
Edge 0: 4	#	Distance: 12.083
Edge 1: 1'	#	Distance: 43.9318
----------------------------------

 21 | 21
Access: 1
==================================
connections: 2
Edge 0: 14	#	Distance: 18.3848
Edge 1: 1''	#	Distance: 15.8114
----------------------------------

 22 | 22
Access: 1
==================================
connections: 2
Edge 0: 6	#	Distance: 5.65685
Edge 1: 14	#	Distance: 11.1803
----------------------------------

 3 | 3
Access: 1
==================================
connections: 2
Edge 0: 1'	#	Distance: 21.0238
Edge 1: 15	#	Distance: 23.7697
----------------------------------

 4 | 4
Access: 1
==================================
connections: 2
Edge 0: 1'''''	#	Distance: 32.5576
Edge 1: 20	#	Distance: 12.083
----------------------------------

 5 | 5
Access: 1
==================================
connections: 2
Edge 0: 1'''	#	Distance: 22.0227
Edge 1: 16	#	Distance: 9.21954
----------------------------------

 6 | 6
Access: 1
==================================
connections: 2
Edge 0: 15	#	Distance: 8.48528
Edge 1: 22	#	Distance: 5.65685
----------------------------------

 7 | 7
Access: 1
==================================
connections: 2
Edge 0: 9	#	Distance: 22.6716
Edge 1: 2	#	Distance: 12.083
----------------------------------

 8 | 8
Access: 1
==================================
connections: 2
Edge 0: 1''''	#	Distance: 22.0227
Edge 1: 19	#	Distance: 24.1661
----------------------------------

 9 | 9
Access: 1
==================================
connections: 2
Edge 0: 19	#	Distance: 7.07107
Edge 1: 7	#	Distance: 22.6716
----------------------------------

______________________________________________________________THE DIVISION______________________________________________________________
1'
3
15
6
22
14
21
1''
18
17
13
12
1'''
5
16
11
10
1''''
8
19
9
7
2
1'''''
4
20
size 26
map size 26
