size: 125
 1' | 1'
Access: 1
==================================
connections: 2
Edge 0: 94	#	Distance: 356.265
Edge 1: 64	#	Distance: 428.706
----------------------------------

 1'' | 1''
Access: 1
==================================
connections: 2
Edge 0: 54	#	Distance: 342.428
Edge 1: 38	#	Distance: 649.138
----------------------------------

 1''' | 1'''
Access: 1
==================================
connections: 2
Edge 0: 46	#	Distance: 874.021
Edge 1: 61	#	Distance: 447.921
----------------------------------

 1'''' | 1''''
Access: 1
==================================
connections: 2
Edge 0: 76	#	Distance: 269.809
Edge 1: 43	#	Distance: 525.884
----------------------------------

 1''''' | 1'''''
Access: 1
==================================
connections: 2
Edge 0: 79	#	Distance: 565.8
Edge 1: 59	#	Distance: 227.482
----------------------------------

 1'''''' | 1''''''
Access: 1
==================================
connections: 2
Edge 0: 70	#	Distance: 660.273
Edge 1: 100	#	Distance: 644.238
----------------------------------

 1''''''' | 1'''''''
Access: 1
==================================
connections: 2
Edge 0: 13	#	Distance: 224.179
Edge 1: 82	#	Distance: 480.8
----------------------------------

 1'''''''' | 1''''''''
Access: 1
==================================
connections: 2
Edge 0: 57	#	Distance: 328.901
Edge 1: 69	#	Distance: 565.011
----------------------------------

 1''''''''' | 1'''''''''
Access: 1
==================================
connections: 2
Edge 0: 28	#	Distance: 422.664
Edge 1: 18	#	Distance: 237.065
----------------------------------

 1'''''''''' | 1''''''''''
Access: 1
==================================
connections: 2
Edge 0: 26	#	Distance: 462.408
Edge 1: 8	#	Distance: 660.367
----------------------------------

 1''''''''''' | 1'''''''''''
Access: 1
==================================
connections: 2
Edge 0: 47	#	Distance: 201.062
Edge 1: 6	#	Distance: 171.231
----------------------------------

 1'''''''''''' | 1''''''''''''
Access: 1
==================================
connections: 2
Edge 0: 74	#	Distance: 402.165
Edge 1: 20	#	Distance: 277.892
----------------------------------

 1''''''''''''' | 1'''''''''''''
Access: 1
==================================
connections: 2
Edge 0: 89	#	Distance: 409.591
Edge 1: 36	#	Distance: 267.556
----------------------------------

 1'''''''''''''' | 1''''''''''''''
Access: 1
==================================
connections: 2
Edge 0: 85	#	Distance: 563.533
Edge 1: 63	#	Distance: 629.232
----------------------------------

 1''''''''''''''' | 1'''''''''''''''
Access: 1
==================================
connections: 2
Edge 0: 68	#	Distance: 441.367
Edge 1: 33	#	Distance: 146.731
----------------------------------

 1'''''''''''''''' | 1''''''''''''''''
Access: 1
==================================
connections: 2
Edge 0: 48	#	Distance: 582.683
Edge 1: 30	#	Distance: 752.841
----------------------------------

 1''''''''''''''''' | 1'''''''''''''''''
Access: 1
==================================
connections: 2
Edge 0: 80	#	Distance: 156.218
Edge 1: 31	#	Distance: 261.199
----------------------------------

 1'''''''''''''''''' | 1''''''''''''''''''
Access: 1
==================================
connections: 2
Edge 0: 41	#	Distance: 340.196
Edge 1: 14	#	Distance: 626.343
----------------------------------

 1''''''''''''''''''' | 1'''''''''''''''''''
Access: 1
==================================
connections: 2
Edge 0: 39	#	Distance: 486.148
Edge 1: 5	#	Distance: 429.857
----------------------------------

 1'''''''''''''''''''' | 1''''''''''''''''''''
Access: 1
==================================
connections: 2
Edge 0: 99	#	Distance: 647.877
Edge 1: 78	#	Distance: 418.629
----------------------------------

 1''''''''''''''''''''' | 1'''''''''''''''''''''
Access: 1
==================================
connections: 2
Edge 0: 16	#	Distance: 275.414
Edge 1: 51	#	Distance: 153.379
----------------------------------

 1'''''''''''''''''''''' | 1''''''''''''''''''''''
Access: 1
==================================
connections: 2
Edge 0: 60	#	Distance: 419.011
Edge 1: 52	#	Distance: 574.423
----------------------------------

 1''''''''''''''''''''''' | 1'''''''''''''''''''''''
Access: 1
==================================
connections: 2
Edge 0: 66	#	Distance: 518.684
Edge 1: 49	#	Distance: 546.688
----------------------------------

 1'''''''''''''''''''''''' | 1''''''''''''''''''''''''
Access: 1
==================================
connections: 2
Edge 0: 93	#	Distance: 599.894
Edge 1: 34	#	Distance: 339.517
----------------------------------

 1''''''''''''''''''''''''' | 1'''''''''''''''''''''''''
Access: 1
==================================
connections: 2
Edge 0: 7	#	Distance: 642.129
Edge 1: 96	#	Distance: 296.939
----------------------------------

 10 | 10
Access: 1
==================================
connections: 2
Edge 0: 77	#	Distance: 83.7377
Edge 1: 64	#	Distance: 490.637
----------------------------------

 100 | 100
Access: 1
==================================
connections: 2
Edge 0: 1''''''	#	Distance: 644.238
Edge 1: 23	#	Distance: 972.868
----------------------------------

 101 | 101
Access: 1
==================================
connections: 2
Edge 0: 49	#	Distance: 368.42
Edge 1: 19	#	Distance: 425.987
----------------------------------

 11 | 11
Access: 1
==================================
connections: 2
Edge 0: 18	#	Distance: 290.367
Edge 1: 26	#	Distance: 1.41421
----------------------------------

 12 | 12
Access: 1
==================================
connections: 2
Edge 0: 33	#	Distance: 332.929
Edge 1: 67	#	Distance: 807.53
----------------------------------

 13 | 13
Access: 1
==================================
connections: 2
Edge 0: 24	#	Distance: 354.302
Edge 1: 1'''''''	#	Distance: 224.179
----------------------------------

 14 | 14
Access: 1
==================================
connections: 2
Edge 0: 1''''''''''''''''''	#	Distance: 626.343
Edge 1: 92	#	Distance: 898.023
----------------------------------

 15 | 15
Access: 1
==================================
connections: 2
Edge 0: 2	#	Distance: 543.894
Edge 1: 79	#	Distance: 141.397
----------------------------------

 16 | 16
Access: 1
==================================
connections: 2
Edge 0: 17	#	Distance: 460.838
Edge 1: 1'''''''''''''''''''''	#	Distance: 275.414
----------------------------------

 17 | 17
Access: 1
==================================
connections: 2
Edge 0: 3	#	Distance: 474.27
Edge 1: 16	#	Distance: 460.838
----------------------------------

 18 | 18
Access: 1
==================================
connections: 2
Edge 0: 1'''''''''	#	Distance: 237.065
Edge 1: 11	#	Distance: 290.367
----------------------------------

 19 | 19
Access: 1
==================================
connections: 2
Edge 0: 101	#	Distance: 425.987
Edge 1: 93	#	Distance: 319.608
----------------------------------

 2 | 2
Access: 1
==================================
connections: 2
Edge 0: 43	#	Distance: 550.091
Edge 1: 15	#	Distance: 543.894
----------------------------------

 20 | 20
Access: 1
==================================
connections: 2
Edge 0: 1''''''''''''	#	Distance: 277.892
Edge 1: 65	#	Distance: 336.217
----------------------------------

 21 | 21
Access: 1
==================================
connections: 2
Edge 0: 25	#	Distance: 237.394
Edge 1: 66	#	Distance: 660.547
----------------------------------

 22 | 22
Access: 1
==================================
connections: 2
Edge 0: 95	#	Distance: 195.233
Edge 1: 27	#	Distance: 335.704
----------------------------------

 23 | 23
Access: 1
==================================
connections: 2
Edge 0: 100	#	Distance: 972.868
Edge 1: 24	#	Distance: 558.233
----------------------------------

 24 | 24
Access: 1
==================================
connections: 2
Edge 0: 23	#	Distance: 558.233
Edge 1: 13	#	Distance: 354.302
----------------------------------

 25 | 25
Access: 1
==================================
connections: 2
Edge 0: 75	#	Distance: 675.966
Edge 1: 21	#	Distance: 237.394
----------------------------------

 26 | 26
Access: 1
==================================
connections: 2
Edge 0: 11	#	Distance: 1.41421
Edge 1: 1''''''''''	#	Distance: 462.408
----------------------------------

 27 | 27
Access: 1
==================================
connections: 2
Edge 0: 22	#	Distance: 335.704
Edge 1: 89	#	Distance: 220.676
----------------------------------

 28 | 28
Access: 1
==================================
connections: 2
Edge 0: 86	#	Distance: 402.548
Edge 1: 1'''''''''	#	Distance: 422.664
----------------------------------

 29 | 29
Access: 1
==================================
connections: 2
Edge 0: 53	#	Distance: 590.699
Edge 1: 68	#	Distance: 73.9256
----------------------------------

 3 | 3
Access: 1
==================================
connections: 2
Edge 0: 78	#	Distance: 411.418
Edge 1: 17	#	Distance: 474.27
----------------------------------

 30 | 30
Access: 1
==================================
connections: 2
Edge 0: 1''''''''''''''''	#	Distance: 752.841
Edge 1: 80	#	Distance: 829.411
----------------------------------

 31 | 31
Access: 1
==================================
connections: 2
Edge 0: 1'''''''''''''''''	#	Distance: 261.199
Edge 1: 58	#	Distance: 668.71
----------------------------------

 32 | 32
Access: 1
==================================
connections: 2
Edge 0: 90	#	Distance: 881.275
Edge 1: 74	#	Distance: 153.101
----------------------------------

 33 | 33
Access: 1
==================================
connections: 2
Edge 0: 1'''''''''''''''	#	Distance: 146.731
Edge 1: 12	#	Distance: 332.929
----------------------------------

 34 | 34
Access: 1
==================================
connections: 2
Edge 0: 1''''''''''''''''''''''''	#	Distance: 339.517
Edge 1: 44	#	Distance: 1137.62
----------------------------------

 35 | 35
Access: 1
==================================
connections: 2
Edge 0: 45	#	Distance: 111.759
Edge 1: 7	#	Distance: 412.698
----------------------------------

 36 | 36
Access: 1
==================================
connections: 2
Edge 0: 1'''''''''''''	#	Distance: 267.556
Edge 1: 85	#	Distance: 457
----------------------------------

 37 | 37
Access: 1
==================================
connections: 2
Edge 0: 38	#	Distance: 104.043
Edge 1: 9	#	Distance: 545.03
----------------------------------

 38 | 38
Access: 1
==================================
connections: 2
Edge 0: 1''	#	Distance: 649.138
Edge 1: 37	#	Distance: 104.043
----------------------------------

 39 | 39
Access: 1
==================================
connections: 2
Edge 0: 88	#	Distance: 276.557
Edge 1: 1'''''''''''''''''''	#	Distance: 486.148
----------------------------------

 4 | 4
Access: 1
==================================
connections: 2
Edge 0: 44	#	Distance: 461.863
Edge 1: 45	#	Distance: 78.2432
----------------------------------

 40 | 40
Access: 1
==================================
connections: 2
Edge 0: 91	#	Distance: 353.278
Edge 1: 62	#	Distance: 473.448
----------------------------------

 41 | 41
Access: 1
==================================
connections: 2
Edge 0: 83	#	Distance: 147.248
Edge 1: 1''''''''''''''''''	#	Distance: 340.196
----------------------------------

 42 | 42
Access: 1
==================================
connections: 2
Edge 0: 59	#	Distance: 396.83
Edge 1: 56	#	Distance: 462.875
----------------------------------

 43 | 43
Access: 1
==================================
connections: 2
Edge 0: 1''''	#	Distance: 525.884
Edge 1: 2	#	Distance: 550.091
----------------------------------

 44 | 44
Access: 1
==================================
connections: 2
Edge 0: 34	#	Distance: 1137.62
Edge 1: 4	#	Distance: 461.863
----------------------------------

 45 | 45
Access: 1
==================================
connections: 2
Edge 0: 4	#	Distance: 78.2432
Edge 1: 35	#	Distance: 111.759
----------------------------------

 46 | 46
Access: 1
==================================
connections: 2
Edge 0: 9	#	Distance: 684.328
Edge 1: 1'''	#	Distance: 874.021
----------------------------------

 47 | 47
Access: 1
==================================
connections: 2
Edge 0: 81	#	Distance: 409.445
Edge 1: 1'''''''''''	#	Distance: 201.062
----------------------------------

 48 | 48
Access: 1
==================================
connections: 2
Edge 0: 73	#	Distance: 312.066
Edge 1: 1''''''''''''''''	#	Distance: 582.683
----------------------------------

 49 | 49
Access: 1
==================================
connections: 2
Edge 0: 1'''''''''''''''''''''''	#	Distance: 546.688
Edge 1: 101	#	Distance: 368.42
----------------------------------

 5 | 5
Access: 1
==================================
connections: 2
Edge 0: 1'''''''''''''''''''	#	Distance: 429.857
Edge 1: 87	#	Distance: 294.735
----------------------------------

 50 | 50
Access: 1
==================================
connections: 2
Edge 0: 52	#	Distance: 877.716
Edge 1: 75	#	Distance: 444.541
----------------------------------

 51 | 51
Access: 1
==================================
connections: 2
Edge 0: 1'''''''''''''''''''''	#	Distance: 153.379
Edge 1: 60	#	Distance: 452.081
----------------------------------

 52 | 52
Access: 1
==================================
connections: 2
Edge 0: 1''''''''''''''''''''''	#	Distance: 574.423
Edge 1: 50	#	Distance: 877.716
----------------------------------

 53 | 53
Access: 1
==================================
connections: 2
Edge 0: 63	#	Distance: 111.517
Edge 1: 29	#	Distance: 590.699
----------------------------------

 54 | 54
Access: 1
==================================
connections: 2
Edge 0: 94	#	Distance: 104.805
Edge 1: 1''	#	Distance: 342.428
----------------------------------

 55 | 55
Access: 1
==================================
connections: 2
Edge 0: 87	#	Distance: 67.1193
Edge 1: 99	#	Distance: 1057.6
----------------------------------

 56 | 56
Access: 1
==================================
connections: 2
Edge 0: 42	#	Distance: 462.875
Edge 1: 70	#	Distance: 21.2603
----------------------------------

 57 | 57
Access: 1
==================================
connections: 2
Edge 0: 82	#	Distance: 369.758
Edge 1: 1''''''''	#	Distance: 328.901
----------------------------------

 58 | 58
Access: 1
==================================
connections: 2
Edge 0: 31	#	Distance: 668.71
Edge 1: 83	#	Distance: 9.21954
----------------------------------

 59 | 59
Access: 1
==================================
connections: 2
Edge 0: 1'''''	#	Distance: 227.482
Edge 1: 42	#	Distance: 396.83
----------------------------------

 6 | 6
Access: 1
==================================
connections: 2
Edge 0: 1'''''''''''	#	Distance: 171.231
Edge 1: 90	#	Distance: 746.695
----------------------------------

 60 | 60
Access: 1
==================================
connections: 2
Edge 0: 51	#	Distance: 452.081
Edge 1: 1''''''''''''''''''''''	#	Distance: 419.011
----------------------------------

 61 | 61
Access: 1
==================================
connections: 2
Edge 0: 1'''	#	Distance: 447.921
Edge 1: 91	#	Distance: 502.446
----------------------------------

 62 | 62
Access: 1
==================================
connections: 2
Edge 0: 40	#	Distance: 473.448
Edge 1: 72	#	Distance: 322.2
----------------------------------

 63 | 63
Access: 1
==================================
connections: 2
Edge 0: 1''''''''''''''	#	Distance: 629.232
Edge 1: 53	#	Distance: 111.517
----------------------------------

 64 | 64
Access: 1
==================================
connections: 2
Edge 0: 10	#	Distance: 490.637
Edge 1: 1'	#	Distance: 428.706
----------------------------------

 65 | 65
Access: 1
==================================
connections: 2
Edge 0: 20	#	Distance: 336.217
Edge 1: 95	#	Distance: 72.2496
----------------------------------

 66 | 66
Access: 1
==================================
connections: 2
Edge 0: 21	#	Distance: 660.547
Edge 1: 1'''''''''''''''''''''''	#	Distance: 518.684
----------------------------------

 67 | 67
Access: 1
==================================
connections: 2
Edge 0: 12	#	Distance: 807.53
Edge 1: 73	#	Distance: 472.326
----------------------------------

 68 | 68
Access: 1
==================================
connections: 2
Edge 0: 29	#	Distance: 73.9256
Edge 1: 1'''''''''''''''	#	Distance: 441.367
----------------------------------

 69 | 69
Access: 1
==================================
connections: 2
Edge 0: 1''''''''	#	Distance: 565.011
Edge 1: 71	#	Distance: 187.555
----------------------------------

 7 | 7
Access: 1
==================================
connections: 2
Edge 0: 35	#	Distance: 412.698
Edge 1: 1'''''''''''''''''''''''''	#	Distance: 642.129
----------------------------------

 70 | 70
Access: 1
==================================
connections: 2
Edge 0: 56	#	Distance: 21.2603
Edge 1: 1''''''	#	Distance: 660.273
----------------------------------

 71 | 71
Access: 1
==================================
connections: 2
Edge 0: 69	#	Distance: 187.555
Edge 1: 98	#	Distance: 990.475
----------------------------------

 72 | 72
Access: 1
==================================
connections: 2
Edge 0: 62	#	Distance: 322.2
Edge 1: 76	#	Distance: 620.562
----------------------------------

 73 | 73
Access: 1
==================================
connections: 2
Edge 0: 67	#	Distance: 472.326
Edge 1: 48	#	Distance: 312.066
----------------------------------

 74 | 74
Access: 1
==================================
connections: 2
Edge 0: 32	#	Distance: 153.101
Edge 1: 1''''''''''''	#	Distance: 402.165
----------------------------------

 75 | 75
Access: 1
==================================
connections: 2
Edge 0: 50	#	Distance: 444.541
Edge 1: 25	#	Distance: 675.966
----------------------------------

 76 | 76
Access: 1
==================================
connections: 2
Edge 0: 72	#	Distance: 620.562
Edge 1: 1''''	#	Distance: 269.809
----------------------------------

 77 | 77
Access: 1
==================================
connections: 2
Edge 0: 96	#	Distance: 770.6
Edge 1: 10	#	Distance: 83.7377
----------------------------------

 78 | 78
Access: 1
==================================
connections: 2
Edge 0: 1''''''''''''''''''''	#	Distance: 418.629
Edge 1: 3	#	Distance: 411.418
----------------------------------

 79 | 79
Access: 1
==================================
connections: 2
Edge 0: 15	#	Distance: 141.397
Edge 1: 1'''''	#	Distance: 565.8
----------------------------------

 8 | 8
Access: 1
==================================
connections: 2
Edge 0: 1''''''''''	#	Distance: 660.367
Edge 1: 84	#	Distance: 885.262
----------------------------------

 80 | 80
Access: 1
==================================
connections: 2
Edge 0: 30	#	Distance: 829.411
Edge 1: 1'''''''''''''''''	#	Distance: 156.218
----------------------------------

 81 | 81
Access: 1
==================================
connections: 2
Edge 0: 84	#	Distance: 459.941
Edge 1: 47	#	Distance: 409.445
----------------------------------

 82 | 82
Access: 1
==================================
connections: 2
Edge 0: 1'''''''	#	Distance: 480.8
Edge 1: 57	#	Distance: 369.758
----------------------------------

 83 | 83
Access: 1
==================================
connections: 2
Edge 0: 58	#	Distance: 9.21954
Edge 1: 41	#	Distance: 147.248
----------------------------------

 84 | 84
Access: 1
==================================
connections: 2
Edge 0: 8	#	Distance: 885.262
Edge 1: 81	#	Distance: 459.941
----------------------------------

 85 | 85
Access: 1
==================================
connections: 2
Edge 0: 36	#	Distance: 457
Edge 1: 1''''''''''''''	#	Distance: 563.533
----------------------------------

 86 | 86
Access: 1
==================================
connections: 2
Edge 0: 97	#	Distance: 551.306
Edge 1: 28	#	Distance: 402.548
----------------------------------

 87 | 87
Access: 1
==================================
connections: 2
Edge 0: 5	#	Distance: 294.735
Edge 1: 55	#	Distance: 67.1193
----------------------------------

 88 | 88
Access: 1
==================================
connections: 2
Edge 0: 92	#	Distance: 496.883
Edge 1: 39	#	Distance: 276.557
----------------------------------

 89 | 89
Access: 1
==================================
connections: 2
Edge 0: 27	#	Distance: 220.676
Edge 1: 1'''''''''''''	#	Distance: 409.591
----------------------------------

 9 | 9
Access: 1
==================================
connections: 2
Edge 0: 37	#	Distance: 545.03
Edge 1: 46	#	Distance: 684.328
----------------------------------

 90 | 90
Access: 1
==================================
connections: 2
Edge 0: 6	#	Distance: 746.695
Edge 1: 32	#	Distance: 881.275
----------------------------------

 91 | 91
Access: 1
==================================
connections: 2
Edge 0: 61	#	Distance: 502.446
Edge 1: 40	#	Distance: 353.278
----------------------------------

 92 | 92
Access: 1
==================================
connections: 2
Edge 0: 14	#	Distance: 898.023
Edge 1: 88	#	Distance: 496.883
----------------------------------

 93 | 93
Access: 1
==================================
connections: 2
Edge 0: 19	#	Distance: 319.608
Edge 1: 1''''''''''''''''''''''''	#	Distance: 599.894
----------------------------------

 94 | 94
Access: 1
==================================
connections: 2
Edge 0: 1'	#	Distance: 356.265
Edge 1: 54	#	Distance: 104.805
----------------------------------

 95 | 95
Access: 1
==================================
connections: 2
Edge 0: 65	#	Distance: 72.2496
Edge 1: 22	#	Distance: 195.233
----------------------------------

 96 | 96
Access: 1
==================================
connections: 2
Edge 0: 1'''''''''''''''''''''''''	#	Distance: 296.939
Edge 1: 77	#	Distance: 770.6
----------------------------------

 97 | 97
Access: 1
==================================
connections: 2
Edge 0: 98	#	Distance: 343.227
Edge 1: 86	#	Distance: 551.306
----------------------------------

 98 | 98
Access: 1
==================================
connections: 2
Edge 0: 71	#	Distance: 990.475
Edge 1: 97	#	Distance: 343.227
----------------------------------

 99 | 99
Access: 1
==================================
connections: 2
Edge 0: 55	#	Distance: 1057.6
Edge 1: 1''''''''''''''''''''	#	Distance: 647.877
----------------------------------

______________________________________________________________THE DIVISION______________________________________________________________
1'
94
54
1''
38
37
9
46
1'''
61
91
40
62
72
76
1''''
43
2
15
79
1'''''
59
42
56
70
1''''''
100
23
24
13
1'''''''
82
57
1''''''''
69
71
98
97
86
28
1'''''''''
18
11
26
1''''''''''
8
84
81
47
1'''''''''''
6
90
32
74
1''''''''''''
20
65
95
22
27
89
1'''''''''''''
36
85
1''''''''''''''
63
53
29
68
1'''''''''''''''
33
12
67
73
48
1''''''''''''''''
30
80
1'''''''''''''''''
31
58
83
41
1''''''''''''''''''
14
92
88
39
1'''''''''''''''''''
5
87
55
99
1''''''''''''''''''''
78
3
17
16
1'''''''''''''''''''''
51
60
1''''''''''''''''''''''
52
50
75
25
21
66
1'''''''''''''''''''''''
49
101
19
93
1''''''''''''''''''''''''
34
44
4
45
35
7
1'''''''''''''''''''''''''
96
77
10
64
size 125
map size 125
