size: 44
 1' | 1'
Access: 1
==================================
connections: 3
Edge 0: 16	#	Distance: 29.8329
Edge 1: 1'-	#	Distance: 0
Edge 2: 7	#	Distance: 12.0416
----------------------------------

 1'' | 1''
Access: 0
==================================
connections: 3
Edge 0: 2	#	Distance: 13.8924
Edge 1: 18	#	Distance: 0
Edge 2: 16	#	Distance: 29.8329
----------------------------------

 1''' | 1'''
Access: 0
==================================
connections: 3
Edge 0: 3	#	Distance: 21.0238
Edge 1: 1'''-	#	Distance: 0
Edge 2: 11-	#	Distance: 20.8087
----------------------------------

 1'''' | 1''''
Access: 1
==================================
connections: 3
Edge 0: 1''''-	#	Distance: 0
Edge 1: 10-	#	Distance: 32.0624
Edge 2: 12-	#	Distance: 28.1603
----------------------------------

 1''''- | 1''''-
Access: 1
==================================
connections: 3
Edge 0: 9	#	Distance: 32.45
Edge 1: 1''''	#	Distance: 0
Edge 2: 3	#	Distance: 21.0238
----------------------------------

 1'''- | 1'''-
Access: 0
==================================
connections: 3
Edge 0: 22	#	Distance: 26.1725
Edge 1: 1'''	#	Distance: 0
Edge 2: 21	#	Distance: 15.8114
----------------------------------

 1'- | 1'-
Access: 1
==================================
connections: 3
Edge 0: 14	#	Distance: 29.1204
Edge 1: 1'	#	Distance: 0
Edge 2: 4-	#	Distance: 32.5576
----------------------------------

 10 | 10
Access: 0
==================================
connections: 3
Edge 0: 10-	#	Distance: 0
Edge 1: 4-	#	Distance: 24.1661
Edge 2: 22-	#	Distance: 7.81025
----------------------------------

 10- | 10-
Access: 0
==================================
connections: 3
Edge 0: 1''''	#	Distance: 32.0624
Edge 1: 10	#	Distance: 0
Edge 2: 14	#	Distance: 7.2111
----------------------------------

 11 | 11
Access: 0
==================================
connections: 3
Edge 0: 11-	#	Distance: 0
Edge 1: 9-	#	Distance: 15.0333
Edge 2: 2-	#	Distance: 7.07107
----------------------------------

 11- | 11-
Access: 0
==================================
connections: 3
Edge 0: 17	#	Distance: 11.7047
Edge 1: 11	#	Distance: 0
Edge 2: 1'''	#	Distance: 20.8087
----------------------------------

 12 | 12
Access: 1
==================================
connections: 3
Edge 0: 12-	#	Distance: 0
Edge 1: 16-	#	Distance: 10.0499
Edge 2: 9-	#	Distance: 31.6228
----------------------------------

 12- | 12-
Access: 1
==================================
connections: 3
Edge 0: 5	#	Distance: 7.2111
Edge 1: 12	#	Distance: 0
Edge 2: 1''''	#	Distance: 28.1603
----------------------------------

 13 | 13
Access: 0
==================================
connections: 3
Edge 0: 4	#	Distance: 9.48683
Edge 1: 7	#	Distance: 0
Edge 2: 9	#	Distance: 16.6433
----------------------------------

 14 | 14
Access: 0
==================================
connections: 3
Edge 0: 1'-	#	Distance: 29.1204
Edge 1: 14-	#	Distance: 0
Edge 2: 10-	#	Distance: 7.2111
----------------------------------

 14- | 14-
Access: 0
==================================
connections: 3
Edge 0: 14	#	Distance: 0
Edge 1: 6-	#	Distance: 16.1555
Edge 2: 19	#	Distance: 15.5242
----------------------------------

 15 | 15
Access: 1
==================================
connections: 3
Edge 0: 15-	#	Distance: 0
Edge 1: 22-	#	Distance: 10.198
Edge 2: 6-	#	Distance: 8.48528
----------------------------------

 15- | 15-
Access: 1
==================================
connections: 3
Edge 0: 8	#	Distance: 15.2315
Edge 1: 15	#	Distance: 0
Edge 2: 4	#	Distance: 37.4833
----------------------------------

 16 | 16
Access: 0
==================================
connections: 3
Edge 0: 1'	#	Distance: 29.8329
Edge 1: 16-	#	Distance: 0
Edge 2: 1''	#	Distance: 29.8329
----------------------------------

 16- | 16-
Access: 0
==================================
connections: 3
Edge 0: 12	#	Distance: 10.0499
Edge 1: 16	#	Distance: 0
Edge 2: 20	#	Distance: 26
----------------------------------

 17 | 17
Access: 0
==================================
connections: 3
Edge 0: 3	#	Distance: 0
Edge 1: 11-	#	Distance: 11.7047
Edge 2: 2	#	Distance: 6.08276
----------------------------------

 18 | 18
Access: 0
==================================
connections: 3
Edge 0: 1''	#	Distance: 0
Edge 1: 8-	#	Distance: 12.0416
Edge 2: 19-	#	Distance: 30.0167
----------------------------------

 19 | 19
Access: 1
==================================
connections: 3
Edge 0: 19-	#	Distance: 0
Edge 1: 20-	#	Distance: 6.08276
Edge 2: 14-	#	Distance: 15.5242
----------------------------------

 19- | 19-
Access: 1
==================================
connections: 3
Edge 0: 6	#	Distance: 31.6228
Edge 1: 19	#	Distance: 0
Edge 2: 18	#	Distance: 30.0167
----------------------------------

 2 | 2
Access: 0
==================================
connections: 3
Edge 0: 1''	#	Distance: 13.8924
Edge 1: 2-	#	Distance: 0
Edge 2: 17	#	Distance: 6.08276
----------------------------------

 2- | 2-
Access: 0
==================================
connections: 3
Edge 0: 21	#	Distance: 18.7883
Edge 1: 2	#	Distance: 0
Edge 2: 11	#	Distance: 7.07107
----------------------------------

 20 | 20
Access: 1
==================================
connections: 3
Edge 0: 20-	#	Distance: 0
Edge 1: 21-	#	Distance: 38.4708
Edge 2: 16-	#	Distance: 26
----------------------------------

 20- | 20-
Access: 1
==================================
connections: 3
Edge 0: 19	#	Distance: 6.08276
Edge 1: 20	#	Distance: 0
Edge 2: 5	#	Distance: 32.7567
----------------------------------

 21 | 21
Access: 0
==================================
connections: 3
Edge 0: 2-	#	Distance: 18.7883
Edge 1: 21-	#	Distance: 0
Edge 2: 1'''-	#	Distance: 15.8114
----------------------------------

 21- | 21-
Access: 0
==================================
connections: 3
Edge 0: 20	#	Distance: 38.4708
Edge 1: 21	#	Distance: 0
Edge 2: 8	#	Distance: 9.21954
----------------------------------

 22 | 22
Access: 1
==================================
connections: 3
Edge 0: 1'''-	#	Distance: 26.1725
Edge 1: 22-	#	Distance: 0
Edge 2: 8-	#	Distance: 5.65685
----------------------------------

 22- | 22-
Access: 1
==================================
connections: 3
Edge 0: 15	#	Distance: 10.198
Edge 1: 22	#	Distance: 0
Edge 2: 10	#	Distance: 7.81025
----------------------------------

 3 | 3
Access: 0
==================================
connections: 3
Edge 0: 1'''	#	Distance: 21.0238
Edge 1: 17	#	Distance: 0
Edge 2: 1''''-	#	Distance: 21.0238
----------------------------------

 4 | 4
Access: 1
==================================
connections: 3
Edge 0: 13	#	Distance: 9.48683
Edge 1: 4-	#	Distance: 0
Edge 2: 15-	#	Distance: 37.4833
----------------------------------

 4- | 4-
Access: 1
==================================
connections: 3
Edge 0: 10	#	Distance: 24.1661
Edge 1: 4	#	Distance: 0
Edge 2: 1'-	#	Distance: 32.5576
----------------------------------

 5 | 5
Access: 1
==================================
connections: 3
Edge 0: 12-	#	Distance: 7.2111
Edge 1: 5-	#	Distance: 0
Edge 2: 20-	#	Distance: 32.7567
----------------------------------

 5- | 5-
Access: 1
==================================
connections: 3
Edge 0: 7	#	Distance: 23.7065
Edge 1: 5	#	Distance: 0
Edge 2: 6	#	Distance: 35.805
----------------------------------

 6 | 6
Access: 1
==================================
connections: 3
Edge 0: 19-	#	Distance: 31.6228
Edge 1: 6-	#	Distance: 0
Edge 2: 5-	#	Distance: 35.805
----------------------------------

 6- | 6-
Access: 1
==================================
connections: 3
Edge 0: 14-	#	Distance: 16.1555
Edge 1: 6	#	Distance: 0
Edge 2: 15	#	Distance: 8.48528
----------------------------------

 7 | 7
Access: 0
==================================
connections: 3
Edge 0: 13	#	Distance: 0
Edge 1: 5-	#	Distance: 23.7065
Edge 2: 1'	#	Distance: 12.0416
----------------------------------

 8 | 8
Access: 0
==================================
connections: 3
Edge 0: 15-	#	Distance: 15.2315
Edge 1: 8-	#	Distance: 0
Edge 2: 21-	#	Distance: 9.21954
----------------------------------

 8- | 8-
Access: 0
==================================
connections: 3
Edge 0: 18	#	Distance: 12.0416
Edge 1: 8	#	Distance: 0
Edge 2: 22	#	Distance: 5.65685
----------------------------------

 9 | 9
Access: 0
==================================
connections: 3
Edge 0: 1''''-	#	Distance: 32.45
Edge 1: 9-	#	Distance: 0
Edge 2: 13	#	Distance: 16.6433
----------------------------------

 9- | 9-
Access: 0
==================================
connections: 3
Edge 0: 11	#	Distance: 15.0333
Edge 1: 9	#	Distance: 0
Edge 2: 12	#	Distance: 31.6228
----------------------------------

______________________________________________________________THE DIVISION______________________________________________________________
1'
16
16-
1''
12
20
2
18
12-
9-
20-
21-
2-
17
8-
19-
5
1''''
11
9
19
21
8
3
11-
22
6
5-
1''''-
10-
13
14-
1'''-
15-
1'''
22-
6-
7
10
14
4
15
4-
1'-
size 44
map size 44
