size: 44
 1' | 1'
Access: 1
==================================
connections: 3
Edge 0: 21	#	Distance: 15.8114
Edge 1: 1'-	#	Distance: 0
Edge 2: 1'''''	#	Distance: 0
----------------------------------

 1'' | 1''
Access: 1
==================================
connections: 3
Edge 0: 22	#	Distance: 26.1725
Edge 1: 5	#	Distance: 0
Edge 2: 19	#	Distance: 39.4081
----------------------------------

 1''' | 1'''
Access: 1
==================================
connections: 3
Edge 0: 10	#	Distance: 0
Edge 1: 18-	#	Distance: 31.7805
Edge 2: 6-	#	Distance: 23.0868
----------------------------------

 1'''' | 1''''
Access: 1
==================================
connections: 3
Edge 0: 1''''-	#	Distance: 0
Edge 1: 8-	#	Distance: 22.0227
Edge 2: 2-	#	Distance: 13.8924
----------------------------------

 1''''' | 1'''''
Access: 1
==================================
connections: 3
Edge 0: 1'''''-	#	Distance: 0
Edge 1: 4-	#	Distance: 32.5576
Edge 2: 1'	#	Distance: 0
----------------------------------

 1'''''- | 1'''''-
Access: 1
==================================
connections: 3
Edge 0: 2	#	Distance: 13.8924
Edge 1: 1'''''	#	Distance: 0
Edge 2: 15	#	Distance: 30.8707
----------------------------------

 1''''- | 1''''-
Access: 1
==================================
connections: 3
Edge 0: 12	#	Distance: 28.1603
Edge 1: 1''''	#	Distance: 0
Edge 2: 21	#	Distance: 15.8114
----------------------------------

 1'- | 1'-
Access: 1
==================================
connections: 3
Edge 0: 3	#	Distance: 21.0238
Edge 1: 1'	#	Distance: 0
Edge 2: 22-	#	Distance: 26.1725
----------------------------------

 10 | 10
Access: 1
==================================
connections: 3
Edge 0: 11	#	Distance: 25
Edge 1: 1'''	#	Distance: 0
Edge 2: 8	#	Distance: 10.0499
----------------------------------

 11 | 11
Access: 1
==================================
connections: 3
Edge 0: 10	#	Distance: 25
Edge 1: 11-	#	Distance: 0
Edge 2: 3	#	Distance: 10.6301
----------------------------------

 11- | 11-
Access: 1
==================================
connections: 3
Edge 0: 16	#	Distance: 13
Edge 1: 11	#	Distance: 0
Edge 2: 2	#	Distance: 7.07107
----------------------------------

 12 | 12
Access: 1
==================================
connections: 3
Edge 0: 1''''-	#	Distance: 28.1603
Edge 1: 12-	#	Distance: 0
Edge 2: 21-	#	Distance: 37.5899
----------------------------------

 12- | 12-
Access: 1
==================================
connections: 3
Edge 0: 13	#	Distance: 16.0312
Edge 1: 12	#	Distance: 0
Edge 2: 16	#	Distance: 10.0499
----------------------------------

 13 | 13
Access: 1
==================================
connections: 3
Edge 0: 12-	#	Distance: 16.0312
Edge 1: 13-	#	Distance: 0
Edge 2: 19-	#	Distance: 19.4165
----------------------------------

 13- | 13-
Access: 1
==================================
connections: 3
Edge 0: 17	#	Distance: 21.587
Edge 1: 13	#	Distance: 0
Edge 2: 20	#	Distance: 20.0998
----------------------------------

 14 | 14
Access: 1
==================================
connections: 3
Edge 0: 20	#	Distance: 0
Edge 1: 21-	#	Distance: 18.3848
Edge 2: 9	#	Distance: 10.0499
----------------------------------

 15 | 15
Access: 1
==================================
connections: 3
Edge 0: 3	#	Distance: 0
Edge 1: 6-	#	Distance: 8.48528
Edge 2: 1'''''-	#	Distance: 30.8707
----------------------------------

 16 | 16
Access: 1
==================================
connections: 3
Edge 0: 11-	#	Distance: 13
Edge 1: 16-	#	Distance: 0
Edge 2: 12-	#	Distance: 10.0499
----------------------------------

 16- | 16-
Access: 1
==================================
connections: 3
Edge 0: 5	#	Distance: 9.21954
Edge 1: 16	#	Distance: 0
Edge 2: 7	#	Distance: 28.4429
----------------------------------

 17 | 17
Access: 1
==================================
connections: 3
Edge 0: 13-	#	Distance: 21.587
Edge 1: 17-	#	Distance: 0
Edge 2: 9-	#	Distance: 22.4722
----------------------------------

 17- | 17-
Access: 1
==================================
connections: 3
Edge 0: 18	#	Distance: 26.4197
Edge 1: 17	#	Distance: 0
Edge 2: 22	#	Distance: 20.1246
----------------------------------

 18 | 18
Access: 1
==================================
connections: 3
Edge 0: 17-	#	Distance: 26.4197
Edge 1: 18-	#	Distance: 0
Edge 2: 7-	#	Distance: 20.6155
----------------------------------

 18- | 18-
Access: 1
==================================
connections: 3
Edge 0: 1'''	#	Distance: 31.7805
Edge 1: 18	#	Distance: 0
Edge 2: 6	#	Distance: 9
----------------------------------

 19 | 19
Access: 1
==================================
connections: 3
Edge 0: 19-	#	Distance: 0
Edge 1: 9-	#	Distance: 7.07107
Edge 2: 1''	#	Distance: 39.4081
----------------------------------

 19- | 19-
Access: 1
==================================
connections: 3
Edge 0: 8	#	Distance: 24.1661
Edge 1: 19	#	Distance: 0
Edge 2: 13	#	Distance: 19.4165
----------------------------------

 2 | 2
Access: 1
==================================
connections: 3
Edge 0: 1'''''-	#	Distance: 13.8924
Edge 1: 2-	#	Distance: 0
Edge 2: 11-	#	Distance: 7.07107
----------------------------------

 2- | 2-
Access: 1
==================================
connections: 3
Edge 0: 7	#	Distance: 12.083
Edge 1: 2	#	Distance: 0
Edge 2: 1''''	#	Distance: 13.8924
----------------------------------

 20 | 20
Access: 1
==================================
connections: 3
Edge 0: 4	#	Distance: 12.083
Edge 1: 14	#	Distance: 0
Edge 2: 13-	#	Distance: 20.0998
----------------------------------

 21 | 21
Access: 1
==================================
connections: 3
Edge 0: 1'	#	Distance: 15.8114
Edge 1: 21-	#	Distance: 0
Edge 2: 1''''-	#	Distance: 15.8114
----------------------------------

 21- | 21-
Access: 1
==================================
connections: 3
Edge 0: 14	#	Distance: 18.3848
Edge 1: 21	#	Distance: 0
Edge 2: 12	#	Distance: 37.5899
----------------------------------

 22 | 22
Access: 1
==================================
connections: 3
Edge 0: 1''	#	Distance: 26.1725
Edge 1: 22-	#	Distance: 0
Edge 2: 17-	#	Distance: 20.1246
----------------------------------

 22- | 22-
Access: 1
==================================
connections: 3
Edge 0: 6	#	Distance: 5.65685
Edge 1: 22	#	Distance: 0
Edge 2: 1'-	#	Distance: 26.1725
----------------------------------

 3 | 3
Access: 1
==================================
connections: 3
Edge 0: 15	#	Distance: 0
Edge 1: 1'-	#	Distance: 21.0238
Edge 2: 11	#	Distance: 10.6301
----------------------------------

 4 | 4
Access: 1
==================================
connections: 3
Edge 0: 20	#	Distance: 12.083
Edge 1: 4-	#	Distance: 0
Edge 2: 8-	#	Distance: 23
----------------------------------

 4- | 4-
Access: 1
==================================
connections: 3
Edge 0: 1'''''	#	Distance: 32.5576
Edge 1: 4	#	Distance: 0
Edge 2: 5	#	Distance: 21.095
----------------------------------

 5 | 5
Access: 1
==================================
connections: 3
Edge 0: 1''	#	Distance: 0
Edge 1: 16-	#	Distance: 9.21954
Edge 2: 4-	#	Distance: 21.095
----------------------------------

 6 | 6
Access: 1
==================================
connections: 3
Edge 0: 22-	#	Distance: 5.65685
Edge 1: 6-	#	Distance: 0
Edge 2: 18-	#	Distance: 9
----------------------------------

 6- | 6-
Access: 1
==================================
connections: 3
Edge 0: 15	#	Distance: 8.48528
Edge 1: 6	#	Distance: 0
Edge 2: 1'''	#	Distance: 23.0868
----------------------------------

 7 | 7
Access: 1
==================================
connections: 3
Edge 0: 2-	#	Distance: 12.083
Edge 1: 7-	#	Distance: 0
Edge 2: 16-	#	Distance: 28.4429
----------------------------------

 7- | 7-
Access: 1
==================================
connections: 3
Edge 0: 9	#	Distance: 22.6716
Edge 1: 7	#	Distance: 0
Edge 2: 18	#	Distance: 20.6155
----------------------------------

 8 | 8
Access: 1
==================================
connections: 3
Edge 0: 19-	#	Distance: 24.1661
Edge 1: 8-	#	Distance: 0
Edge 2: 10	#	Distance: 10.0499
----------------------------------

 8- | 8-
Access: 1
==================================
connections: 3
Edge 0: 1''''	#	Distance: 22.0227
Edge 1: 8	#	Distance: 0
Edge 2: 4	#	Distance: 23
----------------------------------

 9 | 9
Access: 1
==================================
connections: 3
Edge 0: 7-	#	Distance: 22.6716
Edge 1: 9-	#	Distance: 0
Edge 2: 14	#	Distance: 10.0499
----------------------------------

 9- | 9-
Access: 1
==================================
connections: 3
Edge 0: 19	#	Distance: 7.07107
Edge 1: 9	#	Distance: 0
Edge 2: 17	#	Distance: 22.4722
----------------------------------

______________________________________________________________THE DIVISION______________________________________________________________
1'
21
21-
1''''-
14
12
1''''
20
9
12-
8-
2-
4
13-
7-
9-
13
16
8
7
2
4-
17
18
19
19-
11-
16-
10
1'''''-
1'''''
5
17-
18-
1''
11
1'''
15
22
6
3
6-
22-
1'-
size 44
map size 44
