size: 44
 1' | 1'
Access: 1
==================================
connections: 3
Edge 0: 1'''''	#	Distance: 0
Edge 1: 1'-	#	Distance: 0
Edge 2: 20	#	Distance: 43.9318
----------------------------------

 1'' | 1''
Access: 1
==================================
connections: 3
Edge 0: 21	#	Distance: 0
Edge 1: 22-	#	Distance: 26.1725
Edge 2: 18-	#	Distance: 31.7805
----------------------------------

 1''' | 1'''
Access: 1
==================================
connections: 3
Edge 0: 19	#	Distance: 39.4081
Edge 1: 5	#	Distance: 0
Edge 2: 12	#	Distance: 28.1603
----------------------------------

 1'''' | 1''''
Access: 1
==================================
connections: 3
Edge 0: 10	#	Distance: 0
Edge 1: 2-	#	Distance: 13.8924
Edge 2: 8-	#	Distance: 22.0227
----------------------------------

 1''''' | 1'''''
Access: 1
==================================
connections: 3
Edge 0: 1'	#	Distance: 0
Edge 1: 1'''''-	#	Distance: 0
Edge 2: 4-	#	Distance: 32.5576
----------------------------------

 1'''''- | 1'''''-
Access: 1
==================================
connections: 3
Edge 0: 15	#	Distance: 30.8707
Edge 1: 1'''''	#	Distance: 0
Edge 2: 2	#	Distance: 13.8924
----------------------------------

 1'- | 1'-
Access: 1
==================================
connections: 3
Edge 0: 1'	#	Distance: 0
Edge 1: 6-	#	Distance: 23.0868
Edge 2: 3	#	Distance: 21.0238
----------------------------------

 10 | 10
Access: 1
==================================
connections: 3
Edge 0: 8	#	Distance: 10.0499
Edge 1: 1''''	#	Distance: 0
Edge 2: 11	#	Distance: 25
----------------------------------

 11 | 11
Access: 1
==================================
connections: 3
Edge 0: 3	#	Distance: 10.6301
Edge 1: 11-	#	Distance: 0
Edge 2: 10	#	Distance: 25
----------------------------------

 11- | 11-
Access: 1
==================================
connections: 3
Edge 0: 2	#	Distance: 7.07107
Edge 1: 11	#	Distance: 0
Edge 2: 16	#	Distance: 13
----------------------------------

 12 | 12
Access: 1
==================================
connections: 3
Edge 0: 21	#	Distance: 37.5899
Edge 1: 12-	#	Distance: 0
Edge 2: 1'''	#	Distance: 28.1603
----------------------------------

 12- | 12-
Access: 1
==================================
connections: 3
Edge 0: 16	#	Distance: 10.0499
Edge 1: 12	#	Distance: 0
Edge 2: 13	#	Distance: 16.0312
----------------------------------

 13 | 13
Access: 1
==================================
connections: 3
Edge 0: 13-	#	Distance: 0
Edge 1: 19-	#	Distance: 19.4165
Edge 2: 12-	#	Distance: 16.0312
----------------------------------

 13- | 13-
Access: 1
==================================
connections: 3
Edge 0: 20	#	Distance: 20.0998
Edge 1: 13	#	Distance: 0
Edge 2: 17	#	Distance: 21.587
----------------------------------

 14 | 14
Access: 1
==================================
connections: 3
Edge 0: 14-	#	Distance: 0
Edge 1: 20-	#	Distance: 21.587
Edge 2: 21	#	Distance: 18.3848
----------------------------------

 14- | 14-
Access: 1
==================================
connections: 3
Edge 0: 9	#	Distance: 10.0499
Edge 1: 14	#	Distance: 0
Edge 2: 22	#	Distance: 11.1803
----------------------------------

 15 | 15
Access: 1
==================================
connections: 3
Edge 0: 3	#	Distance: 0
Edge 1: 1'''''-	#	Distance: 30.8707
Edge 2: 6-	#	Distance: 8.48528
----------------------------------

 16 | 16
Access: 1
==================================
connections: 3
Edge 0: 12-	#	Distance: 10.0499
Edge 1: 16-	#	Distance: 0
Edge 2: 11-	#	Distance: 13
----------------------------------

 16- | 16-
Access: 1
==================================
connections: 3
Edge 0: 7	#	Distance: 28.4429
Edge 1: 16	#	Distance: 0
Edge 2: 5	#	Distance: 9.21954
----------------------------------

 17 | 17
Access: 1
==================================
connections: 3
Edge 0: 17-	#	Distance: 0
Edge 1: 9-	#	Distance: 22.4722
Edge 2: 13-	#	Distance: 21.587
----------------------------------

 17- | 17-
Access: 1
==================================
connections: 3
Edge 0: 22	#	Distance: 20.1246
Edge 1: 17	#	Distance: 0
Edge 2: 18	#	Distance: 26.4197
----------------------------------

 18 | 18
Access: 1
==================================
connections: 3
Edge 0: 18-	#	Distance: 0
Edge 1: 7-	#	Distance: 20.6155
Edge 2: 17-	#	Distance: 26.4197
----------------------------------

 18- | 18-
Access: 1
==================================
connections: 3
Edge 0: 6	#	Distance: 9
Edge 1: 18	#	Distance: 0
Edge 2: 1''	#	Distance: 31.7805
----------------------------------

 19 | 19
Access: 1
==================================
connections: 3
Edge 0: 1'''	#	Distance: 39.4081
Edge 1: 19-	#	Distance: 0
Edge 2: 9-	#	Distance: 7.07107
----------------------------------

 19- | 19-
Access: 1
==================================
connections: 3
Edge 0: 13	#	Distance: 19.4165
Edge 1: 19	#	Distance: 0
Edge 2: 8	#	Distance: 24.1661
----------------------------------

 2 | 2
Access: 1
==================================
connections: 3
Edge 0: 11-	#	Distance: 7.07107
Edge 1: 2-	#	Distance: 0
Edge 2: 1'''''-	#	Distance: 13.8924
----------------------------------

 2- | 2-
Access: 1
==================================
connections: 3
Edge 0: 1''''	#	Distance: 13.8924
Edge 1: 2	#	Distance: 0
Edge 2: 7	#	Distance: 12.083
----------------------------------

 20 | 20
Access: 1
==================================
connections: 3
Edge 0: 13-	#	Distance: 20.0998
Edge 1: 20-	#	Distance: 0
Edge 2: 1'	#	Distance: 43.9318
----------------------------------

 20- | 20-
Access: 1
==================================
connections: 3
Edge 0: 14	#	Distance: 21.587
Edge 1: 20	#	Distance: 0
Edge 2: 4	#	Distance: 12.083
----------------------------------

 21 | 21
Access: 1
==================================
connections: 3
Edge 0: 12	#	Distance: 37.5899
Edge 1: 1''	#	Distance: 0
Edge 2: 14	#	Distance: 18.3848
----------------------------------

 22 | 22
Access: 1
==================================
connections: 3
Edge 0: 17-	#	Distance: 20.1246
Edge 1: 22-	#	Distance: 0
Edge 2: 14-	#	Distance: 11.1803
----------------------------------

 22- | 22-
Access: 1
==================================
connections: 3
Edge 0: 1''	#	Distance: 26.1725
Edge 1: 22	#	Distance: 0
Edge 2: 6	#	Distance: 5.65685
----------------------------------

 3 | 3
Access: 1
==================================
connections: 3
Edge 0: 11	#	Distance: 10.6301
Edge 1: 15	#	Distance: 0
Edge 2: 1'-	#	Distance: 21.0238
----------------------------------

 4 | 4
Access: 1
==================================
connections: 3
Edge 0: 4-	#	Distance: 0
Edge 1: 8-	#	Distance: 23
Edge 2: 20-	#	Distance: 12.083
----------------------------------

 4- | 4-
Access: 1
==================================
connections: 3
Edge 0: 5	#	Distance: 21.095
Edge 1: 4	#	Distance: 0
Edge 2: 1'''''	#	Distance: 32.5576
----------------------------------

 5 | 5
Access: 1
==================================
connections: 3
Edge 0: 1'''	#	Distance: 0
Edge 1: 4-	#	Distance: 21.095
Edge 2: 16-	#	Distance: 9.21954
----------------------------------

 6 | 6
Access: 1
==================================
connections: 3
Edge 0: 18-	#	Distance: 9
Edge 1: 6-	#	Distance: 0
Edge 2: 22-	#	Distance: 5.65685
----------------------------------

 6- | 6-
Access: 1
==================================
connections: 3
Edge 0: 1'-	#	Distance: 23.0868
Edge 1: 6	#	Distance: 0
Edge 2: 15	#	Distance: 8.48528
----------------------------------

 7 | 7
Access: 1
==================================
connections: 3
Edge 0: 16-	#	Distance: 28.4429
Edge 1: 7-	#	Distance: 0
Edge 2: 2-	#	Distance: 12.083
----------------------------------

 7- | 7-
Access: 1
==================================
connections: 3
Edge 0: 18	#	Distance: 20.6155
Edge 1: 7	#	Distance: 0
Edge 2: 9	#	Distance: 22.6716
----------------------------------

 8 | 8
Access: 1
==================================
connections: 3
Edge 0: 10	#	Distance: 10.0499
Edge 1: 8-	#	Distance: 0
Edge 2: 19-	#	Distance: 24.1661
----------------------------------

 8- | 8-
Access: 1
==================================
connections: 3
Edge 0: 4	#	Distance: 23
Edge 1: 8	#	Distance: 0
Edge 2: 1''''	#	Distance: 22.0227
----------------------------------

 9 | 9
Access: 1
==================================
connections: 3
Edge 0: 14-	#	Distance: 10.0499
Edge 1: 9-	#	Distance: 0
Edge 2: 7-	#	Distance: 22.6716
----------------------------------

 9- | 9-
Access: 1
==================================
connections: 3
Edge 0: 17	#	Distance: 22.4722
Edge 1: 9	#	Distance: 0
Edge 2: 19	#	Distance: 7.07107
----------------------------------

______________________________________________________________THE DIVISION______________________________________________________________
1'
1'''''
1'''''-
4-
15
2
5
4
3
6-
11-
2-
1'''
16-
8-
20-
11
1'-
6
16
1''''
7
19
12
8
14
20
10
18-
22-
12-
7-
19-
9-
21
14-
13-
18
1''
22
13
9
17
17-
size 44
map size 44
