size: 236
 1' | 1'
Access: 0
==================================
connections: 3
Edge 0: 13	#	Distance: 224.179
Edge 1: 1'-	#	Distance: 0
Edge 2: 64	#	Distance: 428.706
----------------------------------

 1'' | 1''
Access: 0
==================================
connections: 3
Edge 0: 1''-	#	Distance: 0
Edge 1: 76-	#	Distance: 269.809
Edge 2: 38-	#	Distance: 649.138
----------------------------------

 1''' | 1'''
Access: 0
==================================
connections: 3
Edge 0: 1'''-	#	Distance: 0
Edge 1: 7-	#	Distance: 642.129
Edge 2: 61-	#	Distance: 447.921
----------------------------------

 1'''' | 1''''
Access: 1
==================================
connections: 3
Edge 0: 1''''-	#	Distance: 0
Edge 1: 85-	#	Distance: 563.533
Edge 2: 43-	#	Distance: 525.884
----------------------------------

 1''''' | 1'''''
Access: 0
==================================
connections: 3
Edge 0: 1'''''-	#	Distance: 0
Edge 1: 42-	#	Distance: 366.674
Edge 2: 59-	#	Distance: 227.482
----------------------------------

 1'''''' | 1''''''
Access: 1
==================================
connections: 3
Edge 0: 1''''''-	#	Distance: 0
Edge 1: 20-	#	Distance: 277.892
Edge 2: 100-	#	Distance: 644.238
----------------------------------

 1''''''' | 1'''''''
Access: 0
==================================
connections: 3
Edge 0: 1'''''''-	#	Distance: 0
Edge 1: 23-	#	Distance: 346.667
Edge 2: 82-	#	Distance: 480.8
----------------------------------

 1'''''''' | 1''''''''
Access: 0
==================================
connections: 3
Edge 0: 1''''''''-	#	Distance: 0
Edge 1: 97-	#	Distance: 381.494
Edge 2: 69-	#	Distance: 565.011
----------------------------------

 1''''''''' | 1'''''''''
Access: 0
==================================
connections: 3
Edge 0: 1'''''''''-	#	Distance: 0
Edge 1: 15-	#	Distance: 432.529
Edge 2: 18-	#	Distance: 237.065
----------------------------------

 1'''''''''' | 1''''''''''
Access: 1
==================================
connections: 3
Edge 0: 1''''''''''-	#	Distance: 0
Edge 1: 21-	#	Distance: 363.941
Edge 2: 8-	#	Distance: 660.367
----------------------------------

 1''''''''''' | 1'''''''''''
Access: 0
==================================
connections: 3
Edge 0: 1'''''''''''-	#	Distance: 0
Edge 1: 58-	#	Distance: 481.932
Edge 2: 6-	#	Distance: 171.231
----------------------------------

 1'''''''''''' | 1''''''''''''
Access: 1
==================================
connections: 3
Edge 0: 74	#	Distance: 0
Edge 1: 11-	#	Distance: 463.79
Edge 2: 20-	#	Distance: 277.892
----------------------------------

 1''''''''''''' | 1'''''''''''''
Access: 1
==================================
connections: 3
Edge 0: 28	#	Distance: 422.664
Edge 1: 1'''''''''''''-	#	Distance: 0
Edge 2: 36-	#	Distance: 267.556
----------------------------------

 1'''''''''''''' | 1''''''''''''''
Access: 0
==================================
connections: 3
Edge 0: 38	#	Distance: 649.138
Edge 1: 63	#	Distance: 0
Edge 2: 85	#	Distance: 563.533
----------------------------------

 1''''''''''''''' | 1'''''''''''''''
Access: 1
==================================
connections: 3
Edge 0: 1'''''''''''''''-	#	Distance: 0
Edge 1: 45-	#	Distance: 325.281
Edge 2: 33-	#	Distance: 146.731
----------------------------------

 1'''''''''''''''' | 1''''''''''''''''
Access: 0
==================================
connections: 3
Edge 0: 1''''''''''''''''-	#	Distance: 0
Edge 1: 16-	#	Distance: 275.414
Edge 2: 30-	#	Distance: 752.841
----------------------------------

 1''''''''''''''''' | 1'''''''''''''''''
Access: 1
==================================
connections: 3
Edge 0: 1'''''''''''''''''-	#	Distance: 0
Edge 1: 93-	#	Distance: 599.894
Edge 2: 31-	#	Distance: 261.199
----------------------------------

 1'''''''''''''''''' | 1''''''''''''''''''
Access: 0
==================================
connections: 3
Edge 0: 1''''''''''''''''''-	#	Distance: 0
Edge 1: 39-	#	Distance: 486.148
Edge 2: 14-	#	Distance: 626.343
----------------------------------

 1''''''''''''''''''' | 1'''''''''''''''''''
Access: 1
==================================
connections: 3
Edge 0: 1'''''''''''''''''''-	#	Distance: 0
Edge 1: 24-	#	Distance: 215.523
Edge 2: 5	#	Distance: 429.857
----------------------------------

 1'''''''''''''''''''' | 1''''''''''''''''''''
Access: 0
==================================
connections: 3
Edge 0: 94	#	Distance: 356.265
Edge 1: 78	#	Distance: 0
Edge 2: 99	#	Distance: 647.877
----------------------------------

 1''''''''''''''''''''' | 1'''''''''''''''''''''
Access: 0
==================================
connections: 3
Edge 0: 1'''''''''''''''''''''-	#	Distance: 0
Edge 1: 44-	#	Distance: 798.569
Edge 2: 51-	#	Distance: 153.379
----------------------------------

 1'''''''''''''''''''''' | 1''''''''''''''''''''''
Access: 1
==================================
connections: 3
Edge 0: 1''''''''''''''''''''''-	#	Distance: 0
Edge 1: 25-	#	Distance: 168.146
Edge 2: 52-	#	Distance: 574.423
----------------------------------

 1''''''''''''''''''''''' | 1'''''''''''''''''''''''
Access: 1
==================================
connections: 3
Edge 0: 1'''''''''''''''''''''''-	#	Distance: 0
Edge 1: 83-	#	Distance: 486.412
Edge 2: 49-	#	Distance: 546.688
----------------------------------

 1'''''''''''''''''''''''' | 1''''''''''''''''''''''''
Access: 1
==================================
connections: 3
Edge 0: 32	#	Distance: 268.613
Edge 1: 34	#	Distance: 0
Edge 2: 93	#	Distance: 599.894
----------------------------------

 1''''''''''''''''''''''''' | 1'''''''''''''''''''''''''
Access: 0
==================================
connections: 3
Edge 0: 1'''''''''''''''''''''''''-	#	Distance: 0
Edge 1: 60-	#	Distance: 419.011
Edge 2: 96-	#	Distance: 296.939
----------------------------------

 1'''''''''''''''''''''''''- | 1'''''''''''''''''''''''''-
Access: 0
==================================
connections: 3
Edge 0: 79	#	Distance: 565.8
Edge 1: 1'''''''''''''''''''''''''	#	Distance: 0
Edge 2: 7	#	Distance: 642.129
----------------------------------

 1'''''''''''''''''''''''- | 1'''''''''''''''''''''''-
Access: 1
==================================
connections: 3
Edge 0: 80	#	Distance: 156.218
Edge 1: 1'''''''''''''''''''''''	#	Distance: 0
Edge 2: 66	#	Distance: 518.684
----------------------------------

 1''''''''''''''''''''''- | 1''''''''''''''''''''''-
Access: 1
==================================
connections: 3
Edge 0: 51	#	Distance: 153.379
Edge 1: 1''''''''''''''''''''''	#	Distance: 0
Edge 2: 60	#	Distance: 419.011
----------------------------------

 1'''''''''''''''''''''- | 1'''''''''''''''''''''-
Access: 0
==================================
connections: 3
Edge 0: 95	#	Distance: 338.423
Edge 1: 1'''''''''''''''''''''	#	Distance: 0
Edge 2: 16	#	Distance: 275.414
----------------------------------

 1'''''''''''''''''''- | 1'''''''''''''''''''-
Access: 1
==================================
connections: 3
Edge 0: 99	#	Distance: 647.877
Edge 1: 1'''''''''''''''''''	#	Distance: 0
Edge 2: 39	#	Distance: 486.148
----------------------------------

 1''''''''''''''''''- | 1''''''''''''''''''-
Access: 0
==================================
connections: 3
Edge 0: 31	#	Distance: 261.199
Edge 1: 1''''''''''''''''''	#	Distance: 0
Edge 2: 41	#	Distance: 340.196
----------------------------------

 1'''''''''''''''''- | 1'''''''''''''''''-
Access: 1
==================================
connections: 3
Edge 0: 75	#	Distance: 650.062
Edge 1: 1'''''''''''''''''	#	Distance: 0
Edge 2: 80	#	Distance: 156.218
----------------------------------

 1''''''''''''''''- | 1''''''''''''''''-
Access: 0
==================================
connections: 3
Edge 0: 54	#	Distance: 342.428
Edge 1: 1''''''''''''''''	#	Distance: 0
Edge 2: 48	#	Distance: 582.683
----------------------------------

 1'''''''''''''''- | 1'''''''''''''''-
Access: 1
==================================
connections: 3
Edge 0: 96	#	Distance: 296.939
Edge 1: 1'''''''''''''''	#	Distance: 0
Edge 2: 68	#	Distance: 441.367
----------------------------------

 1'''''''''''''- | 1'''''''''''''-
Access: 1
==================================
connections: 3
Edge 0: 18	#	Distance: 237.065
Edge 1: 1'''''''''''''	#	Distance: 0
Edge 2: 89	#	Distance: 409.591
----------------------------------

 1'''''''''''- | 1'''''''''''-
Access: 0
==================================
connections: 3
Edge 0: 2	#	Distance: 554.114
Edge 1: 1'''''''''''	#	Distance: 0
Edge 2: 47	#	Distance: 201.062
----------------------------------

 1''''''''''- | 1''''''''''-
Access: 1
==================================
connections: 3
Edge 0: 89	#	Distance: 409.591
Edge 1: 1''''''''''	#	Distance: 0
Edge 2: 26	#	Distance: 462.408
----------------------------------

 1'''''''''- | 1'''''''''-
Access: 0
==================================
connections: 3
Edge 0: 53	#	Distance: 518.414
Edge 1: 1'''''''''	#	Distance: 0
Edge 2: 28	#	Distance: 422.664
----------------------------------

 1''''''''- | 1''''''''-
Access: 0
==================================
connections: 3
Edge 0: 87	#	Distance: 578.336
Edge 1: 1''''''''	#	Distance: 0
Edge 2: 57	#	Distance: 328.901
----------------------------------

 1'''''''- | 1'''''''-
Access: 0
==================================
connections: 3
Edge 0: 100	#	Distance: 644.238
Edge 1: 1'''''''	#	Distance: 0
Edge 2: 13	#	Distance: 224.179
----------------------------------

 1''''''- | 1''''''-
Access: 1
==================================
connections: 3
Edge 0: 82	#	Distance: 480.8
Edge 1: 1''''''	#	Distance: 0
Edge 2: 70	#	Distance: 660.273
----------------------------------

 1'''''- | 1'''''-
Access: 0
==================================
connections: 3
Edge 0: 43	#	Distance: 525.884
Edge 1: 1'''''	#	Distance: 0
Edge 2: 79	#	Distance: 565.8
----------------------------------

 1''''- | 1''''-
Access: 1
==================================
connections: 3
Edge 0: 37	#	Distance: 751.974
Edge 1: 1''''	#	Distance: 0
Edge 2: 76	#	Distance: 269.809
----------------------------------

 1'''- | 1'''-
Access: 0
==================================
connections: 3
Edge 0: 17	#	Distance: 669.651
Edge 1: 1'''	#	Distance: 0
Edge 2: 46	#	Distance: 874.021
----------------------------------

 1''- | 1''-
Access: 0
==================================
connections: 3
Edge 0: 64	#	Distance: 428.706
Edge 1: 1''	#	Distance: 0
Edge 2: 54	#	Distance: 342.428
----------------------------------

 1'- | 1'-
Access: 0
==================================
connections: 3
Edge 0: 41	#	Distance: 340.196
Edge 1: 1'	#	Distance: 0
Edge 2: 94-	#	Distance: 356.265
----------------------------------

 10 | 10
Access: 0
==================================
connections: 3
Edge 0: 10-	#	Distance: 0
Edge 1: 71-	#	Distance: 186.703
Edge 2: 64-	#	Distance: 490.637
----------------------------------

 10- | 10-
Access: 0
==================================
connections: 3
Edge 0: 60	#	Distance: 596.272
Edge 1: 10	#	Distance: 0
Edge 2: 77	#	Distance: 83.7377
----------------------------------

 100 | 100
Access: 1
==================================
connections: 3
Edge 0: 1'''''''-	#	Distance: 644.238
Edge 1: 100-	#	Distance: 0
Edge 2: 23-	#	Distance: 972.868
----------------------------------

 100- | 100-
Access: 1
==================================
connections: 3
Edge 0: 6	#	Distance: 777.551
Edge 1: 100	#	Distance: 0
Edge 2: 1''''''	#	Distance: 644.238
----------------------------------

 101 | 101
Access: 1
==================================
connections: 3
Edge 0: 101-	#	Distance: 0
Edge 1: 77-	#	Distance: 716.634
Edge 2: 19-	#	Distance: 425.987
----------------------------------

 101- | 101-
Access: 1
==================================
connections: 3
Edge 0: 12	#	Distance: 249.898
Edge 1: 101	#	Distance: 0
Edge 2: 49	#	Distance: 368.42
----------------------------------

 11 | 11
Access: 1
==================================
connections: 3
Edge 0: 11-	#	Distance: 0
Edge 1: 57-	#	Distance: 321.492
Edge 2: 26-	#	Distance: 1.41421
----------------------------------

 11- | 11-
Access: 1
==================================
connections: 3
Edge 0: 1''''''''''''	#	Distance: 463.79
Edge 1: 11	#	Distance: 0
Edge 2: 18	#	Distance: 290.367
----------------------------------

 12 | 12
Access: 1
==================================
connections: 3
Edge 0: 101-	#	Distance: 249.898
Edge 1: 12-	#	Distance: 0
Edge 2: 67-	#	Distance: 807.53
----------------------------------

 12- | 12-
Access: 1
==================================
connections: 3
Edge 0: 16	#	Distance: 560.918
Edge 1: 12	#	Distance: 0
Edge 2: 33	#	Distance: 332.929
----------------------------------

 13 | 13
Access: 0
==================================
connections: 3
Edge 0: 1'	#	Distance: 224.179
Edge 1: 13-	#	Distance: 0
Edge 2: 1'''''''-	#	Distance: 224.179
----------------------------------

 13- | 13-
Access: 0
==================================
connections: 3
Edge 0: 71	#	Distance: 527.007
Edge 1: 13	#	Distance: 0
Edge 2: 24	#	Distance: 354.302
----------------------------------

 14 | 14
Access: 0
==================================
connections: 3
Edge 0: 14-	#	Distance: 0
Edge 1: 69-	#	Distance: 167.765
Edge 2: 92	#	Distance: 898.023
----------------------------------

 14- | 14-
Access: 0
==================================
connections: 3
Edge 0: 42	#	Distance: 490.131
Edge 1: 14	#	Distance: 0
Edge 2: 1''''''''''''''''''	#	Distance: 626.343
----------------------------------

 15 | 15
Access: 0
==================================
connections: 3
Edge 0: 15-	#	Distance: 0
Edge 1: 59-	#	Distance: 212.002
Edge 2: 79-	#	Distance: 141.397
----------------------------------

 15- | 15-
Access: 0
==================================
connections: 3
Edge 0: 1'''''''''	#	Distance: 432.529
Edge 1: 15	#	Distance: 0
Edge 2: 2	#	Distance: 543.894
----------------------------------

 16 | 16
Access: 1
==================================
connections: 3
Edge 0: 12-	#	Distance: 560.918
Edge 1: 16-	#	Distance: 0
Edge 2: 1'''''''''''''''''''''-	#	Distance: 275.414
----------------------------------

 16- | 16-
Access: 1
==================================
connections: 3
Edge 0: 1''''''''''''''''	#	Distance: 275.414
Edge 1: 16	#	Distance: 0
Edge 2: 17	#	Distance: 460.838
----------------------------------

 17 | 17
Access: 0
==================================
connections: 3
Edge 0: 1'''-	#	Distance: 669.651
Edge 1: 17-	#	Distance: 0
Edge 2: 16-	#	Distance: 460.838
----------------------------------

 17- | 17-
Access: 0
==================================
connections: 3
Edge 0: 67	#	Distance: 147.763
Edge 1: 17	#	Distance: 0
Edge 2: 3	#	Distance: 474.27
----------------------------------

 18 | 18
Access: 1
==================================
connections: 3
Edge 0: 1'''''''''''''-	#	Distance: 237.065
Edge 1: 18-	#	Distance: 0
Edge 2: 11-	#	Distance: 290.367
----------------------------------

 18- | 18-
Access: 1
==================================
connections: 3
Edge 0: 65	#	Distance: 72.3464
Edge 1: 18	#	Distance: 0
Edge 2: 1'''''''''	#	Distance: 237.065
----------------------------------

 19 | 19
Access: 1
==================================
connections: 3
Edge 0: 19-	#	Distance: 0
Edge 1: 37-	#	Distance: 488.75
Edge 2: 93-	#	Distance: 319.608
----------------------------------

 19- | 19-
Access: 1
==================================
connections: 3
Edge 0: 26	#	Distance: 166.027
Edge 1: 19	#	Distance: 0
Edge 2: 101	#	Distance: 425.987
----------------------------------

 2 | 2
Access: 0
==================================
connections: 3
Edge 0: 1'''''''''''-	#	Distance: 554.114
Edge 1: 2-	#	Distance: 0
Edge 2: 15-	#	Distance: 543.894
----------------------------------

 2- | 2-
Access: 0
==================================
connections: 3
Edge 0: 47	#	Distance: 460.626
Edge 1: 2	#	Distance: 0
Edge 2: 43	#	Distance: 550.091
----------------------------------

 20 | 20
Access: 1
==================================
connections: 3
Edge 0: 20-	#	Distance: 0
Edge 1: 30-	#	Distance: 774.149
Edge 2: 65-	#	Distance: 336.217
----------------------------------

 20- | 20-
Access: 1
==================================
connections: 3
Edge 0: 1''''''	#	Distance: 277.892
Edge 1: 20	#	Distance: 0
Edge 2: 1''''''''''''	#	Distance: 277.892
----------------------------------

 21 | 21
Access: 0
==================================
connections: 3
Edge 0: 21-	#	Distance: 0
Edge 1: 36-	#	Distance: 96.6075
Edge 2: 66-	#	Distance: 660.547
----------------------------------

 21- | 21-
Access: 0
==================================
connections: 3
Edge 0: 1''''''''''	#	Distance: 363.941
Edge 1: 21	#	Distance: 0
Edge 2: 25	#	Distance: 237.394
----------------------------------

 22 | 22
Access: 1
==================================
connections: 3
Edge 0: 74	#	Distance: 564.575
Edge 1: 22-	#	Distance: 0
Edge 2: 27-	#	Distance: 335.704
----------------------------------

 22- | 22-
Access: 1
==================================
connections: 3
Edge 0: 55	#	Distance: 705.754
Edge 1: 22	#	Distance: 0
Edge 2: 95	#	Distance: 195.233
----------------------------------

 23 | 23
Access: 1
==================================
connections: 3
Edge 0: 5	#	Distance: 372.082
Edge 1: 23-	#	Distance: 0
Edge 2: 24-	#	Distance: 558.233
----------------------------------

 23- | 23-
Access: 1
==================================
connections: 3
Edge 0: 1'''''''	#	Distance: 346.667
Edge 1: 23	#	Distance: 0
Edge 2: 100	#	Distance: 972.868
----------------------------------

 24 | 24
Access: 1
==================================
connections: 3
Edge 0: 24-	#	Distance: 0
Edge 1: 94-	#	Distance: 413.673
Edge 2: 13-	#	Distance: 354.302
----------------------------------

 24- | 24-
Access: 1
==================================
connections: 3
Edge 0: 1'''''''''''''''''''	#	Distance: 215.523
Edge 1: 24	#	Distance: 0
Edge 2: 23	#	Distance: 558.233
----------------------------------

 25 | 25
Access: 1
==================================
connections: 3
Edge 0: 25-	#	Distance: 0
Edge 1: 80-	#	Distance: 259.625
Edge 2: 21-	#	Distance: 237.394
----------------------------------

 25- | 25-
Access: 1
==================================
connections: 3
Edge 0: 1''''''''''''''''''''''	#	Distance: 168.146
Edge 1: 25	#	Distance: 0
Edge 2: 75	#	Distance: 675.966
----------------------------------

 26 | 26
Access: 1
==================================
connections: 3
Edge 0: 19-	#	Distance: 166.027
Edge 1: 26-	#	Distance: 0
Edge 2: 1''''''''''-	#	Distance: 462.408
----------------------------------

 26- | 26-
Access: 1
==================================
connections: 3
Edge 0: 7	#	Distance: 209.745
Edge 1: 26	#	Distance: 0
Edge 2: 11	#	Distance: 1.41421
----------------------------------

 27 | 27
Access: 0
==================================
connections: 3
Edge 0: 27-	#	Distance: 0
Edge 1: 96-	#	Distance: 793.444
Edge 2: 89-	#	Distance: 220.676
----------------------------------

 27- | 27-
Access: 0
==================================
connections: 3
Edge 0: 29	#	Distance: 281.277
Edge 1: 27	#	Distance: 0
Edge 2: 22	#	Distance: 335.704
----------------------------------

 28 | 28
Access: 0
==================================
connections: 3
Edge 0: 1'''''''''''''	#	Distance: 422.664
Edge 1: 86	#	Distance: 0
Edge 2: 1'''''''''-	#	Distance: 422.664
----------------------------------

 29 | 29
Access: 0
==================================
connections: 3
Edge 0: 27-	#	Distance: 281.277
Edge 1: 29-	#	Distance: 0
Edge 2: 68-	#	Distance: 73.9256
----------------------------------

 29- | 29-
Access: 0
==================================
connections: 3
Edge 0: 63	#	Distance: 677.422
Edge 1: 29	#	Distance: 0
Edge 2: 53	#	Distance: 590.699
----------------------------------

 3 | 3
Access: 0
==================================
connections: 3
Edge 0: 3-	#	Distance: 0
Edge 1: 75-	#	Distance: 437.324
Edge 2: 17-	#	Distance: 474.27
----------------------------------

 3- | 3-
Access: 0
==================================
connections: 3
Edge 0: 77	#	Distance: 478.729
Edge 1: 3	#	Distance: 0
Edge 2: 78	#	Distance: 411.418
----------------------------------

 30 | 30
Access: 0
==================================
connections: 3
Edge 0: 30-	#	Distance: 0
Edge 1: 6-	#	Distance: 711.838
Edge 2: 80-	#	Distance: 829.411
----------------------------------

 30- | 30-
Access: 0
==================================
connections: 3
Edge 0: 20	#	Distance: 774.149
Edge 1: 30	#	Distance: 0
Edge 2: 1''''''''''''''''	#	Distance: 752.841
----------------------------------

 31 | 31
Access: 0
==================================
connections: 3
Edge 0: 1''''''''''''''''''-	#	Distance: 261.199
Edge 1: 31-	#	Distance: 0
Edge 2: 58-	#	Distance: 668.71
----------------------------------

 31- | 31-
Access: 0
==================================
connections: 3
Edge 0: 52	#	Distance: 476.463
Edge 1: 31	#	Distance: 0
Edge 2: 1'''''''''''''''''	#	Distance: 261.199
----------------------------------

 32 | 32
Access: 0
==================================
connections: 3
Edge 0: 1''''''''''''''''''''''''	#	Distance: 268.613
Edge 1: 32-	#	Distance: 0
Edge 2: 74	#	Distance: 153.101
----------------------------------

 32- | 32-
Access: 0
==================================
connections: 3
Edge 0: 49	#	Distance: 815.245
Edge 1: 32	#	Distance: 0
Edge 2: 90	#	Distance: 881.275
----------------------------------

 33 | 33
Access: 1
==================================
connections: 3
Edge 0: 33-	#	Distance: 0
Edge 1: 51-	#	Distance: 238.799
Edge 2: 12-	#	Distance: 332.929
----------------------------------

 33- | 33-
Access: 1
==================================
connections: 3
Edge 0: 70	#	Distance: 717.112
Edge 1: 33	#	Distance: 0
Edge 2: 1'''''''''''''''	#	Distance: 146.731
----------------------------------

 34 | 34
Access: 1
==================================
connections: 3
Edge 0: 1''''''''''''''''''''''''	#	Distance: 0
Edge 1: 90-	#	Distance: 883.055
Edge 2: 44-	#	Distance: 1137.62
----------------------------------

 35 | 35
Access: 0
==================================
connections: 3
Edge 0: 35-	#	Distance: 0
Edge 1: 43-	#	Distance: 315.626
Edge 2: 7-	#	Distance: 412.698
----------------------------------

 35- | 35-
Access: 0
==================================
connections: 3
Edge 0: 81	#	Distance: 17
Edge 1: 35	#	Distance: 0
Edge 2: 45	#	Distance: 111.759
----------------------------------

 36 | 36
Access: 0
==================================
connections: 3
Edge 0: 36-	#	Distance: 0
Edge 1: 47-	#	Distance: 93.2309
Edge 2: 85-	#	Distance: 457
----------------------------------

 36- | 36-
Access: 0
==================================
connections: 3
Edge 0: 21	#	Distance: 96.6075
Edge 1: 36	#	Distance: 0
Edge 2: 1'''''''''''''	#	Distance: 267.556
----------------------------------

 37 | 37
Access: 1
==================================
connections: 3
Edge 0: 1''''-	#	Distance: 751.974
Edge 1: 37-	#	Distance: 0
Edge 2: 9-	#	Distance: 545.03
----------------------------------

 37- | 37-
Access: 1
==================================
connections: 3
Edge 0: 19	#	Distance: 488.75
Edge 1: 37	#	Distance: 0
Edge 2: 38	#	Distance: 104.043
----------------------------------

 38 | 38
Access: 0
==================================
connections: 3
Edge 0: 1''''''''''''''	#	Distance: 649.138
Edge 1: 38-	#	Distance: 0
Edge 2: 37-	#	Distance: 104.043
----------------------------------

 38- | 38-
Access: 0
==================================
connections: 3
Edge 0: 86	#	Distance: 860.976
Edge 1: 38	#	Distance: 0
Edge 2: 1''	#	Distance: 649.138
----------------------------------

 39 | 39
Access: 0
==================================
connections: 3
Edge 0: 39-	#	Distance: 0
Edge 1: 73-	#	Distance: 328.495
Edge 2: 1'''''''''''''''''''-	#	Distance: 486.148
----------------------------------

 39- | 39-
Access: 0
==================================
connections: 3
Edge 0: 1''''''''''''''''''	#	Distance: 486.148
Edge 1: 39	#	Distance: 0
Edge 2: 88	#	Distance: 276.557
----------------------------------

 4 | 4
Access: 0
==================================
connections: 3
Edge 0: 4-	#	Distance: 0
Edge 1: 50-	#	Distance: 437.66
Edge 2: 45-	#	Distance: 78.2432
----------------------------------

 4- | 4-
Access: 0
==================================
connections: 3
Edge 0: 97	#	Distance: 51.4198
Edge 1: 4	#	Distance: 0
Edge 2: 44	#	Distance: 461.863
----------------------------------

 40 | 40
Access: 0
==================================
connections: 3
Edge 0: 40-	#	Distance: 0
Edge 1: 68-	#	Distance: 140.089
Edge 2: 62-	#	Distance: 473.448
----------------------------------

 40- | 40-
Access: 0
==================================
connections: 3
Edge 0: 61	#	Distance: 149.201
Edge 1: 40	#	Distance: 0
Edge 2: 91	#	Distance: 353.278
----------------------------------

 41 | 41
Access: 0
==================================
connections: 3
Edge 0: 1'-	#	Distance: 340.196
Edge 1: 41-	#	Distance: 0
Edge 2: 1''''''''''''''''''-	#	Distance: 340.196
----------------------------------

 41- | 41-
Access: 0
==================================
connections: 3
Edge 0: 62	#	Distance: 322.099
Edge 1: 41	#	Distance: 0
Edge 2: 83	#	Distance: 147.248
----------------------------------

 42 | 42
Access: 0
==================================
connections: 3
Edge 0: 14-	#	Distance: 490.131
Edge 1: 42-	#	Distance: 0
Edge 2: 56-	#	Distance: 462.875
----------------------------------

 42- | 42-
Access: 0
==================================
connections: 3
Edge 0: 1'''''	#	Distance: 366.674
Edge 1: 42	#	Distance: 0
Edge 2: 59	#	Distance: 396.83
----------------------------------

 43 | 43
Access: 0
==================================
connections: 3
Edge 0: 1'''''-	#	Distance: 525.884
Edge 1: 43-	#	Distance: 0
Edge 2: 2-	#	Distance: 550.091
----------------------------------

 43- | 43-
Access: 0
==================================
connections: 3
Edge 0: 35	#	Distance: 315.626
Edge 1: 43	#	Distance: 0
Edge 2: 1''''	#	Distance: 525.884
----------------------------------

 44 | 44
Access: 1
==================================
connections: 3
Edge 0: 44-	#	Distance: 0
Edge 1: 70-	#	Distance: 647.897
Edge 2: 4-	#	Distance: 461.863
----------------------------------

 44- | 44-
Access: 1
==================================
connections: 3
Edge 0: 1'''''''''''''''''''''	#	Distance: 798.569
Edge 1: 44	#	Distance: 0
Edge 2: 34	#	Distance: 1137.62
----------------------------------

 45 | 45
Access: 0
==================================
connections: 3
Edge 0: 92	#	Distance: 459.492
Edge 1: 45-	#	Distance: 0
Edge 2: 35-	#	Distance: 111.759
----------------------------------

 45- | 45-
Access: 0
==================================
connections: 3
Edge 0: 1'''''''''''''''	#	Distance: 325.281
Edge 1: 45	#	Distance: 0
Edge 2: 4	#	Distance: 78.2432
----------------------------------

 46 | 46
Access: 0
==================================
connections: 3
Edge 0: 46-	#	Distance: 0
Edge 1: 89-	#	Distance: 475.303
Edge 2: 1'''-	#	Distance: 874.021
----------------------------------

 46- | 46-
Access: 0
==================================
connections: 3
Edge 0: 59	#	Distance: 649.471
Edge 1: 46	#	Distance: 0
Edge 2: 9	#	Distance: 684.328
----------------------------------

 47 | 47
Access: 0
==================================
connections: 3
Edge 0: 2-	#	Distance: 460.626
Edge 1: 47-	#	Distance: 0
Edge 2: 1'''''''''''-	#	Distance: 201.062
----------------------------------

 47- | 47-
Access: 0
==================================
connections: 3
Edge 0: 36	#	Distance: 93.2309
Edge 1: 47	#	Distance: 0
Edge 2: 81	#	Distance: 409.445
----------------------------------

 48 | 48
Access: 0
==================================
connections: 3
Edge 0: 48-	#	Distance: 0
Edge 1: 49-	#	Distance: 132.74
Edge 2: 1''''''''''''''''-	#	Distance: 582.683
----------------------------------

 48- | 48-
Access: 0
==================================
connections: 3
Edge 0: 83	#	Distance: 320.732
Edge 1: 48	#	Distance: 0
Edge 2: 73	#	Distance: 312.066
----------------------------------

 49 | 49
Access: 0
==================================
connections: 3
Edge 0: 32-	#	Distance: 815.245
Edge 1: 49-	#	Distance: 0
Edge 2: 101-	#	Distance: 368.42
----------------------------------

 49- | 49-
Access: 0
==================================
connections: 3
Edge 0: 48	#	Distance: 132.74
Edge 1: 49	#	Distance: 0
Edge 2: 1'''''''''''''''''''''''	#	Distance: 546.688
----------------------------------

 5 | 5
Access: 1
==================================
connections: 3
Edge 0: 23	#	Distance: 372.082
Edge 1: 87	#	Distance: 0
Edge 2: 1'''''''''''''''''''	#	Distance: 429.857
----------------------------------

 50 | 50
Access: 0
==================================
connections: 3
Edge 0: 50-	#	Distance: 0
Edge 1: 53-	#	Distance: 817.793
Edge 2: 75-	#	Distance: 444.541
----------------------------------

 50- | 50-
Access: 0
==================================
connections: 3
Edge 0: 4	#	Distance: 437.66
Edge 1: 50	#	Distance: 0
Edge 2: 52	#	Distance: 877.716
----------------------------------

 51 | 51
Access: 1
==================================
connections: 3
Edge 0: 1''''''''''''''''''''''-	#	Distance: 153.379
Edge 1: 51-	#	Distance: 0
Edge 2: 60-	#	Distance: 452.081
----------------------------------

 51- | 51-
Access: 1
==================================
connections: 3
Edge 0: 33	#	Distance: 238.799
Edge 1: 51	#	Distance: 0
Edge 2: 1'''''''''''''''''''''	#	Distance: 153.379
----------------------------------

 52 | 52
Access: 1
==================================
connections: 3
Edge 0: 31-	#	Distance: 476.463
Edge 1: 52-	#	Distance: 0
Edge 2: 50-	#	Distance: 877.716
----------------------------------

 52- | 52-
Access: 1
==================================
connections: 3
Edge 0: 66	#	Distance: 738.881
Edge 1: 52	#	Distance: 0
Edge 2: 1''''''''''''''''''''''	#	Distance: 574.423
----------------------------------

 53 | 53
Access: 0
==================================
connections: 3
Edge 0: 1'''''''''-	#	Distance: 518.414
Edge 1: 53-	#	Distance: 0
Edge 2: 29-	#	Distance: 590.699
----------------------------------

 53- | 53-
Access: 0
==================================
connections: 3
Edge 0: 50	#	Distance: 817.793
Edge 1: 53	#	Distance: 0
Edge 2: 63	#	Distance: 111.517
----------------------------------

 54 | 54
Access: 0
==================================
connections: 3
Edge 0: 1''''''''''''''''-	#	Distance: 342.428
Edge 1: 54-	#	Distance: 0
Edge 2: 1''-	#	Distance: 342.428
----------------------------------

 54- | 54-
Access: 0
==================================
connections: 3
Edge 0: 88	#	Distance: 860.865
Edge 1: 54	#	Distance: 0
Edge 2: 94	#	Distance: 104.805
----------------------------------

 55 | 55
Access: 1
==================================
connections: 3
Edge 0: 22-	#	Distance: 705.754
Edge 1: 55-	#	Distance: 0
Edge 2: 99-	#	Distance: 1057.6
----------------------------------

 55- | 55-
Access: 1
==================================
connections: 3
Edge 0: 58	#	Distance: 537.819
Edge 1: 55	#	Distance: 0
Edge 2: 87	#	Distance: 67.1193
----------------------------------

 56 | 56
Access: 0
==================================
connections: 3
Edge 0: 56-	#	Distance: 0
Edge 1: 79-	#	Distance: 418.169
Edge 2: 70-	#	Distance: 21.2603
----------------------------------

 56- | 56-
Access: 0
==================================
connections: 3
Edge 0: 90	#	Distance: 1007.14
Edge 1: 56	#	Distance: 0
Edge 2: 42	#	Distance: 462.875
----------------------------------

 57 | 57
Access: 0
==================================
connections: 3
Edge 0: 57-	#	Distance: 0
Edge 1: 65-	#	Distance: 89.0505
Edge 2: 1''''''''-	#	Distance: 328.901
----------------------------------

 57- | 57-
Access: 0
==================================
connections: 3
Edge 0: 11	#	Distance: 321.492
Edge 1: 57	#	Distance: 0
Edge 2: 82	#	Distance: 369.758
----------------------------------

 58 | 58
Access: 0
==================================
connections: 3
Edge 0: 55-	#	Distance: 537.819
Edge 1: 58-	#	Distance: 0
Edge 2: 83-	#	Distance: 9.21954
----------------------------------

 58- | 58-
Access: 0
==================================
connections: 3
Edge 0: 1'''''''''''	#	Distance: 481.932
Edge 1: 58	#	Distance: 0
Edge 2: 31	#	Distance: 668.71
----------------------------------

 59 | 59
Access: 0
==================================
connections: 3
Edge 0: 46-	#	Distance: 649.471
Edge 1: 59-	#	Distance: 0
Edge 2: 42-	#	Distance: 396.83
----------------------------------

 59- | 59-
Access: 0
==================================
connections: 3
Edge 0: 15	#	Distance: 212.002
Edge 1: 59	#	Distance: 0
Edge 2: 1'''''	#	Distance: 227.482
----------------------------------

 6 | 6
Access: 1
==================================
connections: 3
Edge 0: 100-	#	Distance: 777.551
Edge 1: 6-	#	Distance: 0
Edge 2: 90-	#	Distance: 746.695
----------------------------------

 6- | 6-
Access: 1
==================================
connections: 3
Edge 0: 30	#	Distance: 711.838
Edge 1: 6	#	Distance: 0
Edge 2: 1'''''''''''	#	Distance: 171.231
----------------------------------

 60 | 60
Access: 0
==================================
connections: 3
Edge 0: 10-	#	Distance: 596.272
Edge 1: 60-	#	Distance: 0
Edge 2: 1''''''''''''''''''''''-	#	Distance: 419.011
----------------------------------

 60- | 60-
Access: 0
==================================
connections: 3
Edge 0: 1'''''''''''''''''''''''''	#	Distance: 419.011
Edge 1: 60	#	Distance: 0
Edge 2: 51	#	Distance: 452.081
----------------------------------

 61 | 61
Access: 0
==================================
connections: 3
Edge 0: 40-	#	Distance: 149.201
Edge 1: 61-	#	Distance: 0
Edge 2: 91-	#	Distance: 502.446
----------------------------------

 61- | 61-
Access: 0
==================================
connections: 3
Edge 0: 73	#	Distance: 41.7612
Edge 1: 61	#	Distance: 0
Edge 2: 1'''	#	Distance: 447.921
----------------------------------

 62 | 62
Access: 0
==================================
connections: 3
Edge 0: 41-	#	Distance: 322.099
Edge 1: 62-	#	Distance: 0
Edge 2: 72-	#	Distance: 322.2
----------------------------------

 62- | 62-
Access: 0
==================================
connections: 3
Edge 0: 84	#	Distance: 273.481
Edge 1: 62	#	Distance: 0
Edge 2: 40	#	Distance: 473.448
----------------------------------

 63 | 63
Access: 0
==================================
connections: 3
Edge 0: 1''''''''''''''	#	Distance: 0
Edge 1: 29-	#	Distance: 677.422
Edge 2: 53-	#	Distance: 111.517
----------------------------------

 64 | 64
Access: 0
==================================
connections: 3
Edge 0: 1''-	#	Distance: 428.706
Edge 1: 64-	#	Distance: 0
Edge 2: 1'	#	Distance: 428.706
----------------------------------

 64- | 64-
Access: 0
==================================
connections: 3
Edge 0: 72	#	Distance: 681.707
Edge 1: 64	#	Distance: 0
Edge 2: 10	#	Distance: 490.637
----------------------------------

 65 | 65
Access: 0
==================================
connections: 3
Edge 0: 18-	#	Distance: 72.3464
Edge 1: 65-	#	Distance: 0
Edge 2: 95-	#	Distance: 72.2496
----------------------------------

 65- | 65-
Access: 0
==================================
connections: 3
Edge 0: 57	#	Distance: 89.0505
Edge 1: 65	#	Distance: 0
Edge 2: 20	#	Distance: 336.217
----------------------------------

 66 | 66
Access: 1
==================================
connections: 3
Edge 0: 52-	#	Distance: 738.881
Edge 1: 66-	#	Distance: 0
Edge 2: 1'''''''''''''''''''''''-	#	Distance: 518.684
----------------------------------

 66- | 66-
Access: 1
==================================
connections: 3
Edge 0: 93	#	Distance: 423.079
Edge 1: 66	#	Distance: 0
Edge 2: 21	#	Distance: 660.547
----------------------------------

 67 | 67
Access: 0
==================================
connections: 3
Edge 0: 17-	#	Distance: 147.763
Edge 1: 67-	#	Distance: 0
Edge 2: 73-	#	Distance: 472.326
----------------------------------

 67- | 67-
Access: 0
==================================
connections: 3
Edge 0: 9	#	Distance: 557.484
Edge 1: 67	#	Distance: 0
Edge 2: 12	#	Distance: 807.53
----------------------------------

 68 | 68
Access: 1
==================================
connections: 3
Edge 0: 68-	#	Distance: 0
Edge 1: 99-	#	Distance: 543.482
Edge 2: 1'''''''''''''''-	#	Distance: 441.367
----------------------------------

 68- | 68-
Access: 1
==================================
connections: 3
Edge 0: 40	#	Distance: 140.089
Edge 1: 68	#	Distance: 0
Edge 2: 29	#	Distance: 73.9256
----------------------------------

 69 | 69
Access: 0
==================================
connections: 3
Edge 0: 69-	#	Distance: 0
Edge 1: 82-	#	Distance: 977.231
Edge 2: 71-	#	Distance: 187.555
----------------------------------

 69- | 69-
Access: 0
==================================
connections: 3
Edge 0: 14	#	Distance: 167.765
Edge 1: 69	#	Distance: 0
Edge 2: 1''''''''	#	Distance: 565.011
----------------------------------

 7 | 7
Access: 0
==================================
connections: 3
Edge 0: 26-	#	Distance: 209.745
Edge 1: 7-	#	Distance: 0
Edge 2: 1'''''''''''''''''''''''''-	#	Distance: 642.129
----------------------------------

 7- | 7-
Access: 0
==================================
connections: 3
Edge 0: 1'''	#	Distance: 642.129
Edge 1: 7	#	Distance: 0
Edge 2: 35	#	Distance: 412.698
----------------------------------

 70 | 70
Access: 0
==================================
connections: 3
Edge 0: 33-	#	Distance: 717.112
Edge 1: 70-	#	Distance: 0
Edge 2: 1''''''-	#	Distance: 660.273
----------------------------------

 70- | 70-
Access: 0
==================================
connections: 3
Edge 0: 44	#	Distance: 647.897
Edge 1: 70	#	Distance: 0
Edge 2: 56	#	Distance: 21.2603
----------------------------------

 71 | 71
Access: 0
==================================
connections: 3
Edge 0: 13-	#	Distance: 527.007
Edge 1: 71-	#	Distance: 0
Edge 2: 98-	#	Distance: 990.475
----------------------------------

 71- | 71-
Access: 0
==================================
connections: 3
Edge 0: 10	#	Distance: 186.703
Edge 1: 71	#	Distance: 0
Edge 2: 69	#	Distance: 187.555
----------------------------------

 72 | 72
Access: 0
==================================
connections: 3
Edge 0: 64-	#	Distance: 681.707
Edge 1: 72-	#	Distance: 0
Edge 2: 76-	#	Distance: 620.562
----------------------------------

 72- | 72-
Access: 0
==================================
connections: 3
Edge 0: 72	#	Distance: 0
Edge 1: 98-	#	Distance: 246.83
Edge 2: 62	#	Distance: 322.2
----------------------------------

 73 | 73
Access: 0
==================================
connections: 3
Edge 0: 61-	#	Distance: 41.7612
Edge 1: 73-	#	Distance: 0
Edge 2: 48-	#	Distance: 312.066
----------------------------------

 73- | 73-
Access: 0
==================================
connections: 3
Edge 0: 39	#	Distance: 328.495
Edge 1: 73	#	Distance: 0
Edge 2: 67	#	Distance: 472.326
----------------------------------

 74 | 74
Access: 1
==================================
connections: 3
Edge 0: 22	#	Distance: 564.575
Edge 1: 1''''''''''''	#	Distance: 0
Edge 2: 32	#	Distance: 153.101
----------------------------------

 75 | 75
Access: 1
==================================
connections: 3
Edge 0: 1'''''''''''''''''-	#	Distance: 650.062
Edge 1: 75-	#	Distance: 0
Edge 2: 25-	#	Distance: 675.966
----------------------------------

 75- | 75-
Access: 1
==================================
connections: 3
Edge 0: 3	#	Distance: 437.324
Edge 1: 75	#	Distance: 0
Edge 2: 50	#	Distance: 444.541
----------------------------------

 76 | 76
Access: 1
==================================
connections: 3
Edge 0: 76-	#	Distance: 0
Edge 1: 9-	#	Distance: 462.871
Edge 2: 1''''-	#	Distance: 269.809
----------------------------------

 76- | 76-
Access: 1
==================================
connections: 3
Edge 0: 1''	#	Distance: 269.809
Edge 1: 76	#	Distance: 0
Edge 2: 72	#	Distance: 620.562
----------------------------------

 77 | 77
Access: 1
==================================
connections: 3
Edge 0: 3-	#	Distance: 478.729
Edge 1: 77-	#	Distance: 0
Edge 2: 10-	#	Distance: 83.7377
----------------------------------

 77- | 77-
Access: 1
==================================
connections: 3
Edge 0: 101	#	Distance: 716.634
Edge 1: 77	#	Distance: 0
Edge 2: 96	#	Distance: 770.6
----------------------------------

 78 | 78
Access: 0
==================================
connections: 3
Edge 0: 1''''''''''''''''''''	#	Distance: 0
Edge 1: 91-	#	Distance: 450.565
Edge 2: 3-	#	Distance: 411.418
----------------------------------

 79 | 79
Access: 0
==================================
connections: 3
Edge 0: 1'''''''''''''''''''''''''-	#	Distance: 565.8
Edge 1: 79-	#	Distance: 0
Edge 2: 1'''''-	#	Distance: 565.8
----------------------------------

 79- | 79-
Access: 0
==================================
connections: 3
Edge 0: 56	#	Distance: 418.169
Edge 1: 79	#	Distance: 0
Edge 2: 15	#	Distance: 141.397
----------------------------------

 8 | 8
Access: 0
==================================
connections: 3
Edge 0: 8-	#	Distance: 0
Edge 1: 95-	#	Distance: 500.029
Edge 2: 84-	#	Distance: 885.262
----------------------------------

 8- | 8-
Access: 0
==================================
connections: 3
Edge 0: 91	#	Distance: 333.017
Edge 1: 8	#	Distance: 0
Edge 2: 1''''''''''	#	Distance: 660.367
----------------------------------

 80 | 80
Access: 1
==================================
connections: 3
Edge 0: 1'''''''''''''''''''''''-	#	Distance: 156.218
Edge 1: 80-	#	Distance: 0
Edge 2: 1'''''''''''''''''-	#	Distance: 156.218
----------------------------------

 80- | 80-
Access: 1
==================================
connections: 3
Edge 0: 25	#	Distance: 259.625
Edge 1: 80	#	Distance: 0
Edge 2: 30	#	Distance: 829.411
----------------------------------

 81 | 81
Access: 0
==================================
connections: 3
Edge 0: 35-	#	Distance: 17
Edge 1: 81-	#	Distance: 0
Edge 2: 47-	#	Distance: 409.445
----------------------------------

 81- | 81-
Access: 0
==================================
connections: 3
Edge 0: 85	#	Distance: 533.704
Edge 1: 81	#	Distance: 0
Edge 2: 84	#	Distance: 459.941
----------------------------------

 82 | 82
Access: 0
==================================
connections: 3
Edge 0: 1''''''-	#	Distance: 480.8
Edge 1: 82-	#	Distance: 0
Edge 2: 57-	#	Distance: 369.758
----------------------------------

 82- | 82-
Access: 0
==================================
connections: 3
Edge 0: 69	#	Distance: 977.231
Edge 1: 82	#	Distance: 0
Edge 2: 1'''''''	#	Distance: 480.8
----------------------------------

 83 | 83
Access: 0
==================================
connections: 3
Edge 0: 48-	#	Distance: 320.732
Edge 1: 83-	#	Distance: 0
Edge 2: 41-	#	Distance: 147.248
----------------------------------

 83- | 83-
Access: 0
==================================
connections: 3
Edge 0: 1'''''''''''''''''''''''	#	Distance: 486.412
Edge 1: 83	#	Distance: 0
Edge 2: 58	#	Distance: 9.21954
----------------------------------

 84 | 84
Access: 0
==================================
connections: 3
Edge 0: 62-	#	Distance: 273.481
Edge 1: 84-	#	Distance: 0
Edge 2: 81-	#	Distance: 459.941
----------------------------------

 84- | 84-
Access: 0
==================================
connections: 3
Edge 0: 98	#	Distance: 200.449
Edge 1: 84	#	Distance: 0
Edge 2: 8	#	Distance: 885.262
----------------------------------

 85 | 85
Access: 0
==================================
connections: 3
Edge 0: 81-	#	Distance: 533.704
Edge 1: 85-	#	Distance: 0
Edge 2: 1''''''''''''''	#	Distance: 563.533
----------------------------------

 85- | 85-
Access: 0
==================================
connections: 3
Edge 0: 1''''	#	Distance: 563.533
Edge 1: 85	#	Distance: 0
Edge 2: 36	#	Distance: 457
----------------------------------

 86 | 86
Access: 0
==================================
connections: 3
Edge 0: 28	#	Distance: 0
Edge 1: 38-	#	Distance: 860.976
Edge 2: 97	#	Distance: 551.306
----------------------------------

 87 | 87
Access: 1
==================================
connections: 3
Edge 0: 5	#	Distance: 0
Edge 1: 1''''''''-	#	Distance: 578.336
Edge 2: 55-	#	Distance: 67.1193
----------------------------------

 88 | 88
Access: 0
==================================
connections: 3
Edge 0: 92	#	Distance: 0
Edge 1: 54-	#	Distance: 860.865
Edge 2: 39-	#	Distance: 276.557
----------------------------------

 89 | 89
Access: 1
==================================
connections: 3
Edge 0: 1''''''''''-	#	Distance: 409.591
Edge 1: 89-	#	Distance: 0
Edge 2: 1'''''''''''''-	#	Distance: 409.591
----------------------------------

 89- | 89-
Access: 1
==================================
connections: 3
Edge 0: 46	#	Distance: 475.303
Edge 1: 89	#	Distance: 0
Edge 2: 27	#	Distance: 220.676
----------------------------------

 9 | 9
Access: 1
==================================
connections: 3
Edge 0: 67-	#	Distance: 557.484
Edge 1: 9-	#	Distance: 0
Edge 2: 46-	#	Distance: 684.328
----------------------------------

 9- | 9-
Access: 1
==================================
connections: 3
Edge 0: 76	#	Distance: 462.871
Edge 1: 9	#	Distance: 0
Edge 2: 37	#	Distance: 545.03
----------------------------------

 90 | 90
Access: 1
==================================
connections: 3
Edge 0: 56-	#	Distance: 1007.14
Edge 1: 90-	#	Distance: 0
Edge 2: 32-	#	Distance: 881.275
----------------------------------

 90- | 90-
Access: 1
==================================
connections: 3
Edge 0: 34	#	Distance: 883.055
Edge 1: 90	#	Distance: 0
Edge 2: 6	#	Distance: 746.695
----------------------------------

 91 | 91
Access: 0
==================================
connections: 3
Edge 0: 8-	#	Distance: 333.017
Edge 1: 91-	#	Distance: 0
Edge 2: 40-	#	Distance: 353.278
----------------------------------

 91- | 91-
Access: 0
==================================
connections: 3
Edge 0: 78	#	Distance: 450.565
Edge 1: 91	#	Distance: 0
Edge 2: 61	#	Distance: 502.446
----------------------------------

 92 | 92
Access: 0
==================================
connections: 3
Edge 0: 45	#	Distance: 459.492
Edge 1: 88	#	Distance: 0
Edge 2: 14	#	Distance: 898.023
----------------------------------

 93 | 93
Access: 0
==================================
connections: 3
Edge 0: 66-	#	Distance: 423.079
Edge 1: 93-	#	Distance: 0
Edge 2: 1''''''''''''''''''''''''	#	Distance: 599.894
----------------------------------

 93- | 93-
Access: 0
==================================
connections: 3
Edge 0: 1'''''''''''''''''	#	Distance: 599.894
Edge 1: 93	#	Distance: 0
Edge 2: 19	#	Distance: 319.608
----------------------------------

 94 | 94
Access: 0
==================================
connections: 3
Edge 0: 1''''''''''''''''''''	#	Distance: 356.265
Edge 1: 94-	#	Distance: 0
Edge 2: 54-	#	Distance: 104.805
----------------------------------

 94- | 94-
Access: 0
==================================
connections: 3
Edge 0: 24	#	Distance: 413.673
Edge 1: 94	#	Distance: 0
Edge 2: 1'-	#	Distance: 356.265
----------------------------------

 95 | 95
Access: 1
==================================
connections: 3
Edge 0: 1'''''''''''''''''''''-	#	Distance: 338.423
Edge 1: 95-	#	Distance: 0
Edge 2: 22-	#	Distance: 195.233
----------------------------------

 95- | 95-
Access: 1
==================================
connections: 3
Edge 0: 8	#	Distance: 500.029
Edge 1: 95	#	Distance: 0
Edge 2: 65	#	Distance: 72.2496
----------------------------------

 96 | 96
Access: 1
==================================
connections: 3
Edge 0: 1'''''''''''''''-	#	Distance: 296.939
Edge 1: 96-	#	Distance: 0
Edge 2: 77-	#	Distance: 770.6
----------------------------------

 96- | 96-
Access: 1
==================================
connections: 3
Edge 0: 27	#	Distance: 793.444
Edge 1: 96	#	Distance: 0
Edge 2: 1'''''''''''''''''''''''''	#	Distance: 296.939
----------------------------------

 97 | 97
Access: 0
==================================
connections: 3
Edge 0: 4-	#	Distance: 51.4198
Edge 1: 97-	#	Distance: 0
Edge 2: 86	#	Distance: 551.306
----------------------------------

 97- | 97-
Access: 0
==================================
connections: 3
Edge 0: 1''''''''	#	Distance: 381.494
Edge 1: 97	#	Distance: 0
Edge 2: 98	#	Distance: 343.227
----------------------------------

 98 | 98
Access: 0
==================================
connections: 3
Edge 0: 84-	#	Distance: 200.449
Edge 1: 98-	#	Distance: 0
Edge 2: 97-	#	Distance: 343.227
----------------------------------

 98- | 98-
Access: 0
==================================
connections: 3
Edge 0: 72-	#	Distance: 246.83
Edge 1: 98	#	Distance: 0
Edge 2: 71	#	Distance: 990.475
----------------------------------

 99 | 99
Access: 1
==================================
connections: 3
Edge 0: 1'''''''''''''''''''-	#	Distance: 647.877
Edge 1: 99-	#	Distance: 0
Edge 2: 1''''''''''''''''''''	#	Distance: 647.877
----------------------------------

 99- | 99-
Access: 1
==================================
connections: 3
Edge 0: 68	#	Distance: 543.482
Edge 1: 99	#	Distance: 0
Edge 2: 55	#	Distance: 1057.6
----------------------------------

______________________________________________________________THE DIVISION______________________________________________________________
1'
13
13-
1'''''''-
71
24
100
1'''''''
71-
98-
24-
94-
100-
23-
82-
10
69
72-
98
1'''''''''''''''''''
23
94
1'-
6
1''''''
82
10-
64-
69-
72
62
84-
97-
1'''''''''''''''''''-
5
1''''''''''''''''''''
54-
41
6-
90-
1''''''-
20-
57-
60
77
64
14
1''''''''
76-
41-
62-
84
8
97
99
39
87
78
88
54
1''''''''''''''''''-
30
1'''''''''''
34
90
70
20
1''''''''''''
11
57
60-
1''''''''''''''''''''''-
3-
77-
1''-
14-
92
1''''''''-
1''
76
83
40
81-
8-
95-
4-
86
99-
39-
73-
55-
91-
1''''''''''''''''-
31
1''''''''''''''''''
30-
80-
1'''''''''''-
58-
1''''''''''''''''''''''''
44-
56-
32-
33-
70-
65-
74
11-
26-
1'''''''''''''''''''''''''
51
1''''''''''''''''''''''
3
101
96
42
45
38-
9-
1''''-
48-
83-
40-
68-
85
81
91
1''''''''''
95
65
4
44
28
68
55
73
67
58
61
1''''''''''''''''
48
31-
25
80
2
47
32
93
1'''''''''''''''''''''
56
49
33
1'''''''''''''''
22
18
7
26
1'''''''''''''''''''''''''-
96-
51-
25-
52-
75-
17-
101-
19-
1'''''''''''''''-
42-
45-
35-
38
9
37
1''''
1'''''''''''''''''''''''
29
85-
1''''''''''''''
47-
1''''''''''-
21-
1'''''''''''''''''''''-
22-
18-
50-
1'''''''''''''
1'''''''''-
61-
67-
16-
49-
52
1'''''''''''''''''
1'''''''''''''''''''''''-
1'''''''''''''''''-
2-
15-
66-
93-
79-
12-
27-
1'''''''''''''-
7-
79
27
75
66
50
17
12
19
1'''''
59
35
37-
46-
43-
29-
36
63
89
21
16
1'''''''''
36-
53
1'''
43
15
1'''''-
89-
53-
1'''-
59-
46
size 236
map size 236
