size: 26
 1' | 1'
Access: 1
==================================
connections: 2
Edge 0: 6	#	Distance: 23.0868
Edge 1: 1'''''	#	Distance: 0
----------------------------------

 1'' | 1''
Access: 1
==================================
connections: 2
Edge 0: 21	#	Distance: 15.8114
Edge 1: 22	#	Distance: 26.1725
----------------------------------

 1''' | 1'''
Access: 1
==================================
connections: 2
Edge 0: 19	#	Distance: 39.4081
Edge 1: 5	#	Distance: 22.0227
----------------------------------

 1'''' | 1''''
Access: 1
==================================
connections: 2
Edge 0: 10	#	Distance: 32.0624
Edge 1: 2	#	Distance: 13.8924
----------------------------------

 1''''' | 1'''''
Access: 1
==================================
connections: 2
Edge 0: 15	#	Distance: 30.8707
Edge 1: 1'	#	Distance: 0
----------------------------------

 10 | 10
Access: 1
==================================
connections: 2
Edge 0: 8	#	Distance: 10.0499
Edge 1: 1''''	#	Distance: 32.0624
----------------------------------

 11 | 11
Access: 1
==================================
connections: 2
Edge 0: 2	#	Distance: 7.07107
Edge 1: 3	#	Distance: 10.6301
----------------------------------

 12 | 12
Access: 1
==================================
connections: 2
Edge 0: 16	#	Distance: 10.0499
Edge 1: 21	#	Distance: 37.5899
----------------------------------

 13 | 13
Access: 1
==================================
connections: 2
Edge 0: 20	#	Distance: 20.0998
Edge 1: 19	#	Distance: 19.4165
----------------------------------

 14 | 14
Access: 1
==================================
connections: 2
Edge 0: 9	#	Distance: 10.0499
Edge 1: 20	#	Distance: 21.587
----------------------------------

 15 | 15
Access: 1
==================================
connections: 2
Edge 0: 3	#	Distance: 23.7697
Edge 1: 1'''''	#	Distance: 30.8707
----------------------------------

 16 | 16
Access: 1
==================================
connections: 2
Edge 0: 7	#	Distance: 28.4429
Edge 1: 12	#	Distance: 10.0499
----------------------------------

 17 | 17
Access: 1
==================================
connections: 2
Edge 0: 22	#	Distance: 20.1246
Edge 1: 9	#	Distance: 22.4722
----------------------------------

 18 | 18
Access: 1
==================================
connections: 2
Edge 0: 6	#	Distance: 9
Edge 1: 7	#	Distance: 20.6155
----------------------------------

 19 | 19
Access: 1
==================================
connections: 2
Edge 0: 13	#	Distance: 19.4165
Edge 1: 1'''	#	Distance: 39.4081
----------------------------------

 2 | 2
Access: 1
==================================
connections: 2
Edge 0: 1''''	#	Distance: 13.8924
Edge 1: 11	#	Distance: 7.07107
----------------------------------

 20 | 20
Access: 1
==================================
connections: 2
Edge 0: 14	#	Distance: 21.587
Edge 1: 13	#	Distance: 20.0998
----------------------------------

 21 | 21
Access: 1
==================================
connections: 2
Edge 0: 12	#	Distance: 37.5899
Edge 1: 1''	#	Distance: 15.8114
----------------------------------

 22 | 22
Access: 1
==================================
connections: 2
Edge 0: 1''	#	Distance: 26.1725
Edge 1: 17	#	Distance: 20.1246
----------------------------------

 3 | 3
Access: 1
==================================
connections: 2
Edge 0: 11	#	Distance: 10.6301
Edge 1: 15	#	Distance: 23.7697
----------------------------------

 4 | 4
Access: 1
==================================
connections: 2
Edge 0: 5	#	Distance: 21.095
Edge 1: 8	#	Distance: 23
----------------------------------

 5 | 5
Access: 1
==================================
connections: 2
Edge 0: 1'''	#	Distance: 22.0227
Edge 1: 4	#	Distance: 21.095
----------------------------------

 6 | 6
Access: 1
==================================
connections: 2
Edge 0: 1'	#	Distance: 23.0868
Edge 1: 18	#	Distance: 9
----------------------------------

 7 | 7
Access: 1
==================================
connections: 2
Edge 0: 18	#	Distance: 20.6155
Edge 1: 16	#	Distance: 28.4429
----------------------------------

 8 | 8
Access: 1
==================================
connections: 2
Edge 0: 4	#	Distance: 23
Edge 1: 10	#	Distance: 10.0499
----------------------------------

 9 | 9
Access: 1
==================================
connections: 2
Edge 0: 17	#	Distance: 22.4722
Edge 1: 14	#	Distance: 10.0499
----------------------------------

______________________________________________________________THE DIVISION______________________________________________________________
1'
6
18
7
16
12
21
1''
22
17
9
14
20
13
19
1'''
5
4
8
10
1''''
2
11
3
15
1'''''
size 26
map size 26
