size: 125
 1' | 1'
Access: 1
==================================
connections: 2
Edge 0: 41	#	Distance: 340.196
Edge 1: 13	#	Distance: 224.179
----------------------------------

 1'' | 1''
Access: 1
==================================
connections: 2
Edge 0: 64	#	Distance: 428.706
Edge 1: 76	#	Distance: 269.809
----------------------------------

 1''' | 1'''
Access: 1
==================================
connections: 2
Edge 0: 17	#	Distance: 669.651
Edge 1: 7	#	Distance: 642.129
----------------------------------

 1'''' | 1''''
Access: 1
==================================
connections: 2
Edge 0: 37	#	Distance: 751.974
Edge 1: 85	#	Distance: 563.533
----------------------------------

 1''''' | 1'''''
Access: 1
==================================
connections: 2
Edge 0: 43	#	Distance: 525.884
Edge 1: 42	#	Distance: 366.674
----------------------------------

 1'''''' | 1''''''
Access: 1
==================================
connections: 2
Edge 0: 82	#	Distance: 480.8
Edge 1: 20	#	Distance: 277.892
----------------------------------

 1''''''' | 1'''''''
Access: 1
==================================
connections: 2
Edge 0: 100	#	Distance: 644.238
Edge 1: 23	#	Distance: 346.667
----------------------------------

 1'''''''' | 1''''''''
Access: 1
==================================
connections: 2
Edge 0: 87	#	Distance: 578.336
Edge 1: 97	#	Distance: 381.494
----------------------------------

 1''''''''' | 1'''''''''
Access: 1
==================================
connections: 2
Edge 0: 53	#	Distance: 518.414
Edge 1: 15	#	Distance: 432.529
----------------------------------

 1'''''''''' | 1''''''''''
Access: 1
==================================
connections: 2
Edge 0: 89	#	Distance: 409.591
Edge 1: 21	#	Distance: 363.941
----------------------------------

 1''''''''''' | 1'''''''''''
Access: 1
==================================
connections: 2
Edge 0: 2	#	Distance: 554.114
Edge 1: 58	#	Distance: 481.932
----------------------------------

 1'''''''''''' | 1''''''''''''
Access: 1
==================================
connections: 2
Edge 0: 74	#	Distance: 402.165
Edge 1: 11	#	Distance: 463.79
----------------------------------

 1''''''''''''' | 1'''''''''''''
Access: 1
==================================
connections: 2
Edge 0: 18	#	Distance: 237.065
Edge 1: 28	#	Distance: 422.664
----------------------------------

 1'''''''''''''' | 1''''''''''''''
Access: 1
==================================
connections: 2
Edge 0: 38	#	Distance: 649.138
Edge 1: 63	#	Distance: 629.232
----------------------------------

 1''''''''''''''' | 1'''''''''''''''
Access: 1
==================================
connections: 2
Edge 0: 96	#	Distance: 296.939
Edge 1: 45	#	Distance: 325.281
----------------------------------

 1'''''''''''''''' | 1''''''''''''''''
Access: 1
==================================
connections: 2
Edge 0: 54	#	Distance: 342.428
Edge 1: 16	#	Distance: 275.414
----------------------------------

 1''''''''''''''''' | 1'''''''''''''''''
Access: 1
==================================
connections: 2
Edge 0: 75	#	Distance: 650.062
Edge 1: 93	#	Distance: 599.894
----------------------------------

 1'''''''''''''''''' | 1''''''''''''''''''
Access: 1
==================================
connections: 2
Edge 0: 31	#	Distance: 261.199
Edge 1: 39	#	Distance: 486.148
----------------------------------

 1''''''''''''''''''' | 1'''''''''''''''''''
Access: 1
==================================
connections: 2
Edge 0: 99	#	Distance: 647.877
Edge 1: 24	#	Distance: 215.523
----------------------------------

 1'''''''''''''''''''' | 1''''''''''''''''''''
Access: 1
==================================
connections: 2
Edge 0: 94	#	Distance: 356.265
Edge 1: 78	#	Distance: 418.629
----------------------------------

 1''''''''''''''''''''' | 1'''''''''''''''''''''
Access: 1
==================================
connections: 2
Edge 0: 95	#	Distance: 338.423
Edge 1: 44	#	Distance: 798.569
----------------------------------

 1'''''''''''''''''''''' | 1''''''''''''''''''''''
Access: 1
==================================
connections: 2
Edge 0: 51	#	Distance: 153.379
Edge 1: 25	#	Distance: 168.146
----------------------------------

 1''''''''''''''''''''''' | 1'''''''''''''''''''''''
Access: 1
==================================
connections: 2
Edge 0: 80	#	Distance: 156.218
Edge 1: 83	#	Distance: 486.412
----------------------------------

 1'''''''''''''''''''''''' | 1''''''''''''''''''''''''
Access: 1
==================================
connections: 2
Edge 0: 32	#	Distance: 268.613
Edge 1: 34	#	Distance: 339.517
----------------------------------

 1''''''''''''''''''''''''' | 1'''''''''''''''''''''''''
Access: 1
==================================
connections: 2
Edge 0: 79	#	Distance: 565.8
Edge 1: 60	#	Distance: 419.011
----------------------------------

 10 | 10
Access: 1
==================================
connections: 2
Edge 0: 60	#	Distance: 596.272
Edge 1: 71	#	Distance: 186.703
----------------------------------

 100 | 100
Access: 1
==================================
connections: 2
Edge 0: 6	#	Distance: 777.551
Edge 1: 1'''''''	#	Distance: 644.238
----------------------------------

 101 | 101
Access: 1
==================================
connections: 2
Edge 0: 12	#	Distance: 249.898
Edge 1: 77	#	Distance: 716.634
----------------------------------

 11 | 11
Access: 1
==================================
connections: 2
Edge 0: 1''''''''''''	#	Distance: 463.79
Edge 1: 57	#	Distance: 321.492
----------------------------------

 12 | 12
Access: 1
==================================
connections: 2
Edge 0: 16	#	Distance: 560.918
Edge 1: 101	#	Distance: 249.898
----------------------------------

 13 | 13
Access: 1
==================================
connections: 2
Edge 0: 71	#	Distance: 527.007
Edge 1: 1'	#	Distance: 224.179
----------------------------------

 14 | 14
Access: 1
==================================
connections: 2
Edge 0: 42	#	Distance: 490.131
Edge 1: 69	#	Distance: 167.765
----------------------------------

 15 | 15
Access: 1
==================================
connections: 2
Edge 0: 1'''''''''	#	Distance: 432.529
Edge 1: 59	#	Distance: 212.002
----------------------------------

 16 | 16
Access: 1
==================================
connections: 2
Edge 0: 1''''''''''''''''	#	Distance: 275.414
Edge 1: 12	#	Distance: 560.918
----------------------------------

 17 | 17
Access: 1
==================================
connections: 2
Edge 0: 67	#	Distance: 147.763
Edge 1: 1'''	#	Distance: 669.651
----------------------------------

 18 | 18
Access: 1
==================================
connections: 2
Edge 0: 65	#	Distance: 72.3464
Edge 1: 1'''''''''''''	#	Distance: 237.065
----------------------------------

 19 | 19
Access: 1
==================================
connections: 2
Edge 0: 26	#	Distance: 166.027
Edge 1: 37	#	Distance: 488.75
----------------------------------

 2 | 2
Access: 1
==================================
connections: 2
Edge 0: 47	#	Distance: 460.626
Edge 1: 1'''''''''''	#	Distance: 554.114
----------------------------------

 20 | 20
Access: 1
==================================
connections: 2
Edge 0: 1''''''	#	Distance: 277.892
Edge 1: 30	#	Distance: 774.149
----------------------------------

 21 | 21
Access: 1
==================================
connections: 2
Edge 0: 1''''''''''	#	Distance: 363.941
Edge 1: 36	#	Distance: 96.6075
----------------------------------

 22 | 22
Access: 1
==================================
connections: 2
Edge 0: 55	#	Distance: 705.754
Edge 1: 74	#	Distance: 564.575
----------------------------------

 23 | 23
Access: 1
==================================
connections: 2
Edge 0: 1'''''''	#	Distance: 346.667
Edge 1: 5	#	Distance: 372.082
----------------------------------

 24 | 24
Access: 1
==================================
connections: 2
Edge 0: 1'''''''''''''''''''	#	Distance: 215.523
Edge 1: 94	#	Distance: 413.673
----------------------------------

 25 | 25
Access: 1
==================================
connections: 2
Edge 0: 1''''''''''''''''''''''	#	Distance: 168.146
Edge 1: 80	#	Distance: 259.625
----------------------------------

 26 | 26
Access: 1
==================================
connections: 2
Edge 0: 7	#	Distance: 209.745
Edge 1: 19	#	Distance: 166.027
----------------------------------

 27 | 27
Access: 1
==================================
connections: 2
Edge 0: 29	#	Distance: 281.277
Edge 1: 96	#	Distance: 793.444
----------------------------------

 28 | 28
Access: 1
==================================
connections: 2
Edge 0: 1'''''''''''''	#	Distance: 422.664
Edge 1: 86	#	Distance: 402.548
----------------------------------

 29 | 29
Access: 1
==================================
connections: 2
Edge 0: 63	#	Distance: 677.422
Edge 1: 27	#	Distance: 281.277
----------------------------------

 3 | 3
Access: 1
==================================
connections: 2
Edge 0: 77	#	Distance: 478.729
Edge 1: 75	#	Distance: 437.324
----------------------------------

 30 | 30
Access: 1
==================================
connections: 2
Edge 0: 20	#	Distance: 774.149
Edge 1: 6	#	Distance: 711.838
----------------------------------

 31 | 31
Access: 1
==================================
connections: 2
Edge 0: 52	#	Distance: 476.463
Edge 1: 1''''''''''''''''''	#	Distance: 261.199
----------------------------------

 32 | 32
Access: 1
==================================
connections: 2
Edge 0: 49	#	Distance: 815.245
Edge 1: 1''''''''''''''''''''''''	#	Distance: 268.613
----------------------------------

 33 | 33
Access: 1
==================================
connections: 2
Edge 0: 70	#	Distance: 717.112
Edge 1: 51	#	Distance: 238.799
----------------------------------

 34 | 34
Access: 1
==================================
connections: 2
Edge 0: 1''''''''''''''''''''''''	#	Distance: 339.517
Edge 1: 90	#	Distance: 883.055
----------------------------------

 35 | 35
Access: 1
==================================
connections: 2
Edge 0: 81	#	Distance: 17
Edge 1: 43	#	Distance: 315.626
----------------------------------

 36 | 36
Access: 1
==================================
connections: 2
Edge 0: 21	#	Distance: 96.6075
Edge 1: 47	#	Distance: 93.2309
----------------------------------

 37 | 37
Access: 1
==================================
connections: 2
Edge 0: 19	#	Distance: 488.75
Edge 1: 1''''	#	Distance: 751.974
----------------------------------

 38 | 38
Access: 1
==================================
connections: 2
Edge 0: 86	#	Distance: 860.976
Edge 1: 1''''''''''''''	#	Distance: 649.138
----------------------------------

 39 | 39
Access: 1
==================================
connections: 2
Edge 0: 1''''''''''''''''''	#	Distance: 486.148
Edge 1: 73	#	Distance: 328.495
----------------------------------

 4 | 4
Access: 1
==================================
connections: 2
Edge 0: 97	#	Distance: 51.4198
Edge 1: 50	#	Distance: 437.66
----------------------------------

 40 | 40
Access: 1
==================================
connections: 2
Edge 0: 61	#	Distance: 149.201
Edge 1: 68	#	Distance: 140.089
----------------------------------

 41 | 41
Access: 1
==================================
connections: 2
Edge 0: 1'	#	Distance: 340.196
Edge 1: 62	#	Distance: 322.099
----------------------------------

 42 | 42
Access: 1
==================================
connections: 2
Edge 0: 1'''''	#	Distance: 366.674
Edge 1: 14	#	Distance: 490.131
----------------------------------

 43 | 43
Access: 1
==================================
connections: 2
Edge 0: 35	#	Distance: 315.626
Edge 1: 1'''''	#	Distance: 525.884
----------------------------------

 44 | 44
Access: 1
==================================
connections: 2
Edge 0: 1'''''''''''''''''''''	#	Distance: 798.569
Edge 1: 70	#	Distance: 647.897
----------------------------------

 45 | 45
Access: 1
==================================
connections: 2
Edge 0: 1'''''''''''''''	#	Distance: 325.281
Edge 1: 92	#	Distance: 459.492
----------------------------------

 46 | 46
Access: 1
==================================
connections: 2
Edge 0: 59	#	Distance: 649.471
Edge 1: 89	#	Distance: 475.303
----------------------------------

 47 | 47
Access: 1
==================================
connections: 2
Edge 0: 36	#	Distance: 93.2309
Edge 1: 2	#	Distance: 460.626
----------------------------------

 48 | 48
Access: 1
==================================
connections: 2
Edge 0: 83	#	Distance: 320.732
Edge 1: 49	#	Distance: 132.74
----------------------------------

 49 | 49
Access: 1
==================================
connections: 2
Edge 0: 48	#	Distance: 132.74
Edge 1: 32	#	Distance: 815.245
----------------------------------

 5 | 5
Access: 1
==================================
connections: 2
Edge 0: 23	#	Distance: 372.082
Edge 1: 87	#	Distance: 294.735
----------------------------------

 50 | 50
Access: 1
==================================
connections: 2
Edge 0: 4	#	Distance: 437.66
Edge 1: 53	#	Distance: 817.793
----------------------------------

 51 | 51
Access: 1
==================================
connections: 2
Edge 0: 33	#	Distance: 238.799
Edge 1: 1''''''''''''''''''''''	#	Distance: 153.379
----------------------------------

 52 | 52
Access: 1
==================================
connections: 2
Edge 0: 66	#	Distance: 738.881
Edge 1: 31	#	Distance: 476.463
----------------------------------

 53 | 53
Access: 1
==================================
connections: 2
Edge 0: 50	#	Distance: 817.793
Edge 1: 1'''''''''	#	Distance: 518.414
----------------------------------

 54 | 54
Access: 1
==================================
connections: 2
Edge 0: 88	#	Distance: 860.865
Edge 1: 1''''''''''''''''	#	Distance: 342.428
----------------------------------

 55 | 55
Access: 1
==================================
connections: 2
Edge 0: 58	#	Distance: 537.819
Edge 1: 22	#	Distance: 705.754
----------------------------------

 56 | 56
Access: 1
==================================
connections: 2
Edge 0: 90	#	Distance: 1007.14
Edge 1: 79	#	Distance: 418.169
----------------------------------

 57 | 57
Access: 1
==================================
connections: 2
Edge 0: 11	#	Distance: 321.492
Edge 1: 65	#	Distance: 89.0505
----------------------------------

 58 | 58
Access: 1
==================================
connections: 2
Edge 0: 1'''''''''''	#	Distance: 481.932
Edge 1: 55	#	Distance: 537.819
----------------------------------

 59 | 59
Access: 1
==================================
connections: 2
Edge 0: 15	#	Distance: 212.002
Edge 1: 46	#	Distance: 649.471
----------------------------------

 6 | 6
Access: 1
==================================
connections: 2
Edge 0: 30	#	Distance: 711.838
Edge 1: 100	#	Distance: 777.551
----------------------------------

 60 | 60
Access: 1
==================================
connections: 2
Edge 0: 1'''''''''''''''''''''''''	#	Distance: 419.011
Edge 1: 10	#	Distance: 596.272
----------------------------------

 61 | 61
Access: 1
==================================
connections: 2
Edge 0: 73	#	Distance: 41.7612
Edge 1: 40	#	Distance: 149.201
----------------------------------

 62 | 62
Access: 1
==================================
connections: 2
Edge 0: 41	#	Distance: 322.099
Edge 1: 84	#	Distance: 273.481
----------------------------------

 63 | 63
Access: 1
==================================
connections: 2
Edge 0: 1''''''''''''''	#	Distance: 629.232
Edge 1: 29	#	Distance: 677.422
----------------------------------

 64 | 64
Access: 1
==================================
connections: 2
Edge 0: 72	#	Distance: 681.707
Edge 1: 1''	#	Distance: 428.706
----------------------------------

 65 | 65
Access: 1
==================================
connections: 2
Edge 0: 57	#	Distance: 89.0505
Edge 1: 18	#	Distance: 72.3464
----------------------------------

 66 | 66
Access: 1
==================================
connections: 2
Edge 0: 93	#	Distance: 423.079
Edge 1: 52	#	Distance: 738.881
----------------------------------

 67 | 67
Access: 1
==================================
connections: 2
Edge 0: 9	#	Distance: 557.484
Edge 1: 17	#	Distance: 147.763
----------------------------------

 68 | 68
Access: 1
==================================
connections: 2
Edge 0: 40	#	Distance: 140.089
Edge 1: 99	#	Distance: 543.482
----------------------------------

 69 | 69
Access: 1
==================================
connections: 2
Edge 0: 14	#	Distance: 167.765
Edge 1: 82	#	Distance: 977.231
----------------------------------

 7 | 7
Access: 1
==================================
connections: 2
Edge 0: 1'''	#	Distance: 642.129
Edge 1: 26	#	Distance: 209.745
----------------------------------

 70 | 70
Access: 1
==================================
connections: 2
Edge 0: 44	#	Distance: 647.897
Edge 1: 33	#	Distance: 717.112
----------------------------------

 71 | 71
Access: 1
==================================
connections: 2
Edge 0: 10	#	Distance: 186.703
Edge 1: 13	#	Distance: 527.007
----------------------------------

 72 | 72
Access: 1
==================================
connections: 2
Edge 0: 98	#	Distance: 246.83
Edge 1: 64	#	Distance: 681.707
----------------------------------

 73 | 73
Access: 1
==================================
connections: 2
Edge 0: 39	#	Distance: 328.495
Edge 1: 61	#	Distance: 41.7612
----------------------------------

 74 | 74
Access: 1
==================================
connections: 2
Edge 0: 22	#	Distance: 564.575
Edge 1: 1''''''''''''	#	Distance: 402.165
----------------------------------

 75 | 75
Access: 1
==================================
connections: 2
Edge 0: 3	#	Distance: 437.324
Edge 1: 1'''''''''''''''''	#	Distance: 650.062
----------------------------------

 76 | 76
Access: 1
==================================
connections: 2
Edge 0: 1''	#	Distance: 269.809
Edge 1: 9	#	Distance: 462.871
----------------------------------

 77 | 77
Access: 1
==================================
connections: 2
Edge 0: 101	#	Distance: 716.634
Edge 1: 3	#	Distance: 478.729
----------------------------------

 78 | 78
Access: 1
==================================
connections: 2
Edge 0: 1''''''''''''''''''''	#	Distance: 418.629
Edge 1: 91	#	Distance: 450.565
----------------------------------

 79 | 79
Access: 1
==================================
connections: 2
Edge 0: 56	#	Distance: 418.169
Edge 1: 1'''''''''''''''''''''''''	#	Distance: 565.8
----------------------------------

 8 | 8
Access: 1
==================================
connections: 2
Edge 0: 91	#	Distance: 333.017
Edge 1: 95	#	Distance: 500.029
----------------------------------

 80 | 80
Access: 1
==================================
connections: 2
Edge 0: 25	#	Distance: 259.625
Edge 1: 1'''''''''''''''''''''''	#	Distance: 156.218
----------------------------------

 81 | 81
Access: 1
==================================
connections: 2
Edge 0: 85	#	Distance: 533.704
Edge 1: 35	#	Distance: 17
----------------------------------

 82 | 82
Access: 1
==================================
connections: 2
Edge 0: 69	#	Distance: 977.231
Edge 1: 1''''''	#	Distance: 480.8
----------------------------------

 83 | 83
Access: 1
==================================
connections: 2
Edge 0: 1'''''''''''''''''''''''	#	Distance: 486.412
Edge 1: 48	#	Distance: 320.732
----------------------------------

 84 | 84
Access: 1
==================================
connections: 2
Edge 0: 62	#	Distance: 273.481
Edge 1: 98	#	Distance: 200.449
----------------------------------

 85 | 85
Access: 1
==================================
connections: 2
Edge 0: 1''''	#	Distance: 563.533
Edge 1: 81	#	Distance: 533.704
----------------------------------

 86 | 86
Access: 1
==================================
connections: 2
Edge 0: 28	#	Distance: 402.548
Edge 1: 38	#	Distance: 860.976
----------------------------------

 87 | 87
Access: 1
==================================
connections: 2
Edge 0: 5	#	Distance: 294.735
Edge 1: 1''''''''	#	Distance: 578.336
----------------------------------

 88 | 88
Access: 1
==================================
connections: 2
Edge 0: 92	#	Distance: 496.883
Edge 1: 54	#	Distance: 860.865
----------------------------------

 89 | 89
Access: 1
==================================
connections: 2
Edge 0: 46	#	Distance: 475.303
Edge 1: 1''''''''''	#	Distance: 409.591
----------------------------------

 9 | 9
Access: 1
==================================
connections: 2
Edge 0: 76	#	Distance: 462.871
Edge 1: 67	#	Distance: 557.484
----------------------------------

 90 | 90
Access: 1
==================================
connections: 2
Edge 0: 34	#	Distance: 883.055
Edge 1: 56	#	Distance: 1007.14
----------------------------------

 91 | 91
Access: 1
==================================
connections: 2
Edge 0: 78	#	Distance: 450.565
Edge 1: 8	#	Distance: 333.017
----------------------------------

 92 | 92
Access: 1
==================================
connections: 2
Edge 0: 45	#	Distance: 459.492
Edge 1: 88	#	Distance: 496.883
----------------------------------

 93 | 93
Access: 1
==================================
connections: 2
Edge 0: 1'''''''''''''''''	#	Distance: 599.894
Edge 1: 66	#	Distance: 423.079
----------------------------------

 94 | 94
Access: 1
==================================
connections: 2
Edge 0: 24	#	Distance: 413.673
Edge 1: 1''''''''''''''''''''	#	Distance: 356.265
----------------------------------

 95 | 95
Access: 1
==================================
connections: 2
Edge 0: 8	#	Distance: 500.029
Edge 1: 1'''''''''''''''''''''	#	Distance: 338.423
----------------------------------

 96 | 96
Access: 1
==================================
connections: 2
Edge 0: 27	#	Distance: 793.444
Edge 1: 1'''''''''''''''	#	Distance: 296.939
----------------------------------

 97 | 97
Access: 1
==================================
connections: 2
Edge 0: 1''''''''	#	Distance: 381.494
Edge 1: 4	#	Distance: 51.4198
----------------------------------

 98 | 98
Access: 1
==================================
connections: 2
Edge 0: 84	#	Distance: 200.449
Edge 1: 72	#	Distance: 246.83
----------------------------------

 99 | 99
Access: 1
==================================
connections: 2
Edge 0: 68	#	Distance: 543.482
Edge 1: 1'''''''''''''''''''	#	Distance: 647.877
----------------------------------

______________________________________________________________THE DIVISION______________________________________________________________
1'
41
62
84
98
72
64
1''
76
9
67
17
1'''
7
26
19
37
1''''
85
81
35
43
1'''''
42
14
69
82
1''''''
20
30
6
100
1'''''''
23
5
87
1''''''''
97
4
50
53
1'''''''''
15
59
46
89
1''''''''''
21
36
47
2
1'''''''''''
58
55
22
74
1''''''''''''
11
57
65
18
1'''''''''''''
28
86
38
1''''''''''''''
63
29
27
96
1'''''''''''''''
45
92
88
54
1''''''''''''''''
16
12
101
77
3
75
1'''''''''''''''''
93
66
52
31
1''''''''''''''''''
39
73
61
40
68
99
1'''''''''''''''''''
24
94
1''''''''''''''''''''
78
91
8
95
1'''''''''''''''''''''
44
70
33
51
1''''''''''''''''''''''
25
80
1'''''''''''''''''''''''
83
48
49
32
1''''''''''''''''''''''''
34
90
56
79
1'''''''''''''''''''''''''
60
10
71
13
size 125
map size 125
